2010-06-24T15:40:05.503726-04:00 bryan kernel: imklog 4.2.0, log source = /proc/kmsg started.
2010-06-24T15:40:05.503754-04:00 bryan rsyslogd: [origin software="rsyslogd" swVersion="4.2.0" x-pid="1908" x-info="http://www.rsyslog.com"] (re)start
2010-06-24T15:40:05.503959-04:00 bryan rsyslogd: rsyslogd's groupid changed to 103
2010-06-24T15:40:05.504001-04:00 bryan rsyslogd: rsyslogd's userid changed to 101
2010-06-24T15:40:05.503425-04:00 bryan rsyslogd-2039: Could no open output file '/dev/xconsole' [try http://www.rsyslog.com/e/2039 ]
2010-06-24T15:40:08.009068-04:00 bryan kernel: Kernel logging (proc) stopped.
2010-06-24T15:40:08.009203-04:00 bryan rsyslogd: [origin software="rsyslogd" swVersion="4.2.0" x-pid="1908" x-info="http://www.rsyslog.com"] exiting on signal 15.
2010-06-24T16:40:31.386334-04:00 bryan kernel: imklog 4.2.0, log source = /proc/kmsg started.
2010-06-24T16:40:31.386359-04:00 bryan rsyslogd: [origin software="rsyslogd" swVersion="4.2.0" x-pid="589" x-info="http://www.rsyslog.com"] (re)start
2010-06-24T16:40:31.386699-04:00 bryan rsyslogd: rsyslogd's groupid changed to 103
2010-06-24T16:40:31.386736-04:00 bryan rsyslogd: rsyslogd's userid changed to 101
2010-06-24T16:40:31.386059-04:00 bryan rsyslogd-2039: Could no open output file '/dev/xconsole' [try http://www.rsyslog.com/e/2039 ]
2010-06-24T16:40:31.387051-04:00 bryan kernel: [    0.000000] Initializing cgroup subsys cpuset
2010-06-24T16:40:31.387066-04:00 bryan kernel: [    0.000000] Initializing cgroup subsys cpu
2010-06-24T16:40:31.387073-04:00 bryan kernel: [    0.000000] Linux version 2.6.32-21-generic (buildd@rothera) (gcc version 4.4.3 (Ubuntu 4.4.3-4ubuntu5) ) #32-Ubuntu SMP Fri Apr 16 08:10:02 UTC 2010 (Ubuntu 2.6.32-21.32-generic 2.6.32.11+drm33.2)
2010-06-24T16:40:31.387080-04:00 bryan kernel: [    0.000000] KERNEL supported cpus:
2010-06-24T16:40:31.387085-04:00 bryan kernel: [    0.000000]   Intel GenuineIntel
2010-06-24T16:40:31.387089-04:00 bryan kernel: [    0.000000]   AMD AuthenticAMD
2010-06-24T16:40:31.387093-04:00 bryan kernel: [    0.000000]   NSC Geode by NSC
2010-06-24T16:40:31.387097-04:00 bryan kernel: [    0.000000]   Cyrix CyrixInstead
2010-06-24T16:40:31.387101-04:00 bryan kernel: [    0.000000]   Centaur CentaurHauls
2010-06-24T16:40:31.387105-04:00 bryan kernel: [    0.000000]   Transmeta GenuineTMx86
2010-06-24T16:40:31.387108-04:00 bryan kernel: [    0.000000]   Transmeta TransmetaCPU
2010-06-24T16:40:31.387114-04:00 bryan kernel: [    0.000000]   UMC UMC UMC UMC
2010-06-24T16:40:31.387119-04:00 bryan kernel: [    0.000000] BIOS-provided physical RAM map:
2010-06-24T16:40:31.387123-04:00 bryan kernel: [    0.000000]  BIOS-e820: 0000000000000000 - 000000000009f000 (usable)
2010-06-24T16:40:31.387128-04:00 bryan kernel: [    0.000000]  BIOS-e820: 000000000009f000 - 00000000000a0000 (reserved)
2010-06-24T16:40:31.387132-04:00 bryan kernel: [    0.000000]  BIOS-e820: 00000000000e8000 - 0000000000100000 (reserved)
2010-06-24T16:40:31.387137-04:00 bryan kernel: [    0.000000]  BIOS-e820: 0000000000100000 - 000000001fff0000 (usable)
2010-06-24T16:40:31.387141-04:00 bryan kernel: [    0.000000]  BIOS-e820: 000000001fff0000 - 0000000020000000 (ACPI data)
2010-06-24T16:40:31.387148-04:00 bryan kernel: [    0.000000]  BIOS-e820: 00000000c0000000 - 00000000c1000000 (reserved)
2010-06-24T16:40:31.387152-04:00 bryan kernel: [    0.000000]  BIOS-e820: 00000000fffbc000 - 0000000100000000 (reserved)
2010-06-24T16:40:31.387156-04:00 bryan kernel: [    0.000000] DMI 2.4 present.
2010-06-24T16:40:31.387161-04:00 bryan kernel: [    0.000000] last_pfn = 0x1fff0 max_arch_pfn = 0x100000
2010-06-24T16:40:31.387165-04:00 bryan kernel: [    0.000000] MTRR default type: write-back
2010-06-24T16:40:31.387169-04:00 bryan kernel: [    0.000000] MTRR fixed ranges enabled:
2010-06-24T16:40:31.387173-04:00 bryan kernel: [    0.000000]   00000-9FFFF write-back
2010-06-24T16:40:31.387184-04:00 bryan kernel: [    0.000000]   A0000-FFFFF uncachable
2010-06-24T16:40:31.387189-04:00 bryan kernel: [    0.000000] MTRR variable ranges enabled:
2010-06-24T16:40:31.387193-04:00 bryan kernel: [    0.000000]   0 base 00C0000000 mask FFFFFFFFE0000000 uncachable
2010-06-24T16:40:31.387197-04:00 bryan kernel: [    0.000000]   1 disabled
2010-06-24T16:40:31.387201-04:00 bryan kernel: [    0.000000]   2 disabled
2010-06-24T16:40:31.387205-04:00 bryan kernel: [    0.000000]   3 disabled
2010-06-24T16:40:31.387208-04:00 bryan kernel: [    0.000000]   4 disabled
2010-06-24T16:40:31.387214-04:00 bryan kernel: [    0.000000]   5 disabled
2010-06-24T16:40:31.387218-04:00 bryan kernel: [    0.000000]   6 disabled
2010-06-24T16:40:31.387222-04:00 bryan kernel: [    0.000000]   7 disabled
2010-06-24T16:40:31.387226-04:00 bryan kernel: [    0.000000] PAT not supported by CPU.
2010-06-24T16:40:31.387231-04:00 bryan kernel: [    0.000000] e820 update range: 0000000000002000 - 0000000000006000 (usable) ==> (reserved)
2010-06-24T16:40:31.387235-04:00 bryan kernel: [    0.000000] Scanning 1 areas for low memory corruption
2010-06-24T16:40:31.387239-04:00 bryan kernel: [    0.000000] modified physical RAM map:
2010-06-24T16:40:31.387244-04:00 bryan kernel: [    0.000000]  modified: 0000000000000000 - 0000000000002000 (usable)
2010-06-24T16:40:31.387250-04:00 bryan kernel: [    0.000000]  modified: 0000000000002000 - 0000000000006000 (reserved)
2010-06-24T16:40:31.387255-04:00 bryan kernel: [    0.000000]  modified: 0000000000006000 - 000000000009f000 (usable)
2010-06-24T16:40:31.387259-04:00 bryan kernel: [    0.000000]  modified: 000000000009f000 - 00000000000a0000 (reserved)
2010-06-24T16:40:31.387264-04:00 bryan kernel: [    0.000000]  modified: 00000000000e8000 - 0000000000100000 (reserved)
2010-06-24T16:40:31.387269-04:00 bryan kernel: [    0.000000]  modified: 0000000000100000 - 000000001fff0000 (usable)
2010-06-24T16:40:31.387273-04:00 bryan kernel: [    0.000000]  modified: 000000001fff0000 - 0000000020000000 (ACPI data)
2010-06-24T16:40:31.387281-04:00 bryan kernel: [    0.000000]  modified: 00000000c0000000 - 00000000c1000000 (reserved)
2010-06-24T16:40:31.387286-04:00 bryan kernel: [    0.000000]  modified: 00000000fffbc000 - 0000000100000000 (reserved)
2010-06-24T16:40:31.387291-04:00 bryan kernel: [    0.000000] initial memory mapped : 0 - 00c00000
2010-06-24T16:40:31.387295-04:00 bryan kernel: [    0.000000] init_memory_mapping: 0000000000000000-000000001fff0000
2010-06-24T16:40:31.387300-04:00 bryan kernel: [    0.000000] Using x86 segment limits to approximate NX protection
2010-06-24T16:40:31.387304-04:00 bryan kernel: [    0.000000]  0000000000 - 0000400000 page 4k
2010-06-24T16:40:31.387308-04:00 bryan kernel: [    0.000000]  0000400000 - 001fc00000 page 2M
2010-06-24T16:40:31.387314-04:00 bryan kernel: [    0.000000]  001fc00000 - 001fff0000 page 4k
2010-06-24T16:40:31.387319-04:00 bryan kernel: [    0.000000] kernel direct mapping tables up to 1fff0000 @ 7000-c000
2010-06-24T16:40:31.387350-04:00 bryan kernel: [    0.000000] RAMDISK: 1789c000 - 1803305e
2010-06-24T16:40:31.387361-04:00 bryan kernel: [    0.000000] ACPI: RSDP 000fbed0 00014 (v00 QEMU  )
2010-06-24T16:40:31.387365-04:00 bryan kernel: [    0.000000] ACPI: RSDT 1fff0000 0002C (v01 QEMU   QEMURSDT 00000001 QEMU 00000001)
2010-06-24T16:40:31.387370-04:00 bryan kernel: [    0.000000] ACPI: FACP 1fff002c 00074 (v01 QEMU   QEMUFACP 00000001 QEMU 00000001)
2010-06-24T16:40:31.387378-04:00 bryan kernel: [    0.000000] ACPI: DSDT 1fff0100 02531 (v01   BXPC   BXDSDT 00000001 INTL 20090123)
2010-06-24T16:40:31.387382-04:00 bryan kernel: [    0.000000] ACPI: FACS 1fff00c0 00040
2010-06-24T16:40:31.387386-04:00 bryan kernel: [    0.000000] ACPI: APIC 1fff2638 000E0 (v01 QEMU   QEMUAPIC 00000001 QEMU 00000001)
2010-06-24T16:40:31.387390-04:00 bryan kernel: [    0.000000] ACPI: Local APIC address 0xfee00000
2010-06-24T16:40:31.387394-04:00 bryan kernel: [    0.000000] 0MB HIGHMEM available.
2010-06-24T16:40:31.387398-04:00 bryan kernel: [    0.000000] 511MB LOWMEM available.
2010-06-24T16:40:31.387402-04:00 bryan kernel: [    0.000000]   mapped low ram: 0 - 1fff0000
2010-06-24T16:40:31.387407-04:00 bryan kernel: [    0.000000]   low ram: 0 - 1fff0000
2010-06-24T16:40:31.387412-04:00 bryan kernel: [    0.000000]   node 0 low ram: 00000000 - 1fff0000
2010-06-24T16:40:31.387416-04:00 bryan kernel: [    0.000000]   node 0 bootmap 00008000 - 0000c000
2010-06-24T16:40:31.387673-04:00 bryan kernel: [    0.000000] (9 early reservations) ==> bootmem [0000000000 - 001fff0000]
2010-06-24T16:40:31.387680-04:00 bryan kernel: [    0.000000]   #0 [0000000000 - 0000001000]   BIOS data page ==> [0000000000 - 0000001000]
2010-06-24T16:40:31.387685-04:00 bryan kernel: [    0.000000]   #1 [0000001000 - 0000002000]    EX TRAMPOLINE ==> [0000001000 - 0000002000]
2010-06-24T16:40:31.387690-04:00 bryan kernel: [    0.000000]   #2 [0000006000 - 0000007000]       TRAMPOLINE ==> [0000006000 - 0000007000]
2010-06-24T16:40:31.387697-04:00 bryan kernel: [    0.000000]   #3 [0000100000 - 00008d9e98]    TEXT DATA BSS ==> [0000100000 - 00008d9e98]
2010-06-24T16:40:31.387702-04:00 bryan kernel: [    0.000000]   #4 [001789c000 - 001803305e]          RAMDISK ==> [001789c000 - 001803305e]
2010-06-24T16:40:31.387707-04:00 bryan kernel: [    0.000000]   #5 [000009fc00 - 0000100000]    BIOS reserved ==> [000009fc00 - 0000100000]
2010-06-24T16:40:31.387711-04:00 bryan kernel: [    0.000000]   #6 [00008da000 - 00008dd06d]              BRK ==> [00008da000 - 00008dd06d]
2010-06-24T16:40:31.387716-04:00 bryan kernel: [    0.000000]   #7 [0000007000 - 0000008000]          PGTABLE ==> [0000007000 - 0000008000]
2010-06-24T16:40:31.387722-04:00 bryan kernel: [    0.000000]   #8 [0000008000 - 000000c000]          BOOTMAP ==> [0000008000 - 000000c000]
2010-06-24T16:40:31.387726-04:00 bryan kernel: [    0.000000] found SMP MP-table at [c00fbd80] fbd80
2010-06-24T16:40:31.387731-04:00 bryan kernel: [    0.000000] kvm-clock: cpu 0, msr 0:846701, boot clock
2010-06-24T16:40:31.387734-04:00 bryan kernel: [    0.000000] Zone PFN ranges:
2010-06-24T16:40:31.387739-04:00 bryan kernel: [    0.000000]   DMA      0x00000000 -> 0x00001000
2010-06-24T16:40:31.387742-04:00 bryan kernel: [    0.000000]   Normal   0x00001000 -> 0x0001fff0
2010-06-24T16:40:31.387746-04:00 bryan kernel: [    0.000000]   HighMem  0x0001fff0 -> 0x0001fff0
2010-06-24T16:40:31.387752-04:00 bryan kernel: [    0.000000] Movable zone start PFN for each node
2010-06-24T16:40:31.387757-04:00 bryan kernel: [    0.000000] early_node_map[3] active PFN ranges
2010-06-24T16:40:31.387760-04:00 bryan kernel: [    0.000000]     0: 0x00000000 -> 0x00000002
2010-06-24T16:40:31.387764-04:00 bryan kernel: [    0.000000]     0: 0x00000006 -> 0x0000009f
2010-06-24T16:40:31.387768-04:00 bryan kernel: [    0.000000]     0: 0x00000100 -> 0x0001fff0
2010-06-24T16:40:31.387772-04:00 bryan kernel: [    0.000000] On node 0 totalpages: 130955
2010-06-24T16:40:31.387776-04:00 bryan kernel: [    0.000000] free_area_init_node: node 0, pgdat c0798720, node_mem_map c1001000
2010-06-24T16:40:31.387782-04:00 bryan kernel: [    0.000000]   DMA zone: 32 pages used for memmap
2010-06-24T16:40:31.387787-04:00 bryan kernel: [    0.000000]   DMA zone: 0 pages reserved
2010-06-24T16:40:31.387791-04:00 bryan kernel: [    0.000000]   DMA zone: 3963 pages, LIFO batch:0
2010-06-24T16:40:31.387795-04:00 bryan kernel: [    0.000000]   Normal zone: 992 pages used for memmap
2010-06-24T16:40:31.387799-04:00 bryan kernel: [    0.000000]   Normal zone: 125968 pages, LIFO batch:31
2010-06-24T16:40:31.387802-04:00 bryan kernel: [    0.000000] Using APIC driver default
2010-06-24T16:40:31.387806-04:00 bryan kernel: [    0.000000] ACPI: PM-Timer IO Port: 0xb008
2010-06-24T16:40:31.387812-04:00 bryan kernel: [    0.000000] ACPI: Local APIC address 0xfee00000
2010-06-24T16:40:31.387817-04:00 bryan kernel: [    0.000000] ACPI: LAPIC (acpi_id[0x00] lapic_id[0x00] enabled)
2010-06-24T16:40:31.387821-04:00 bryan kernel: [    0.000000] ACPI: LAPIC (acpi_id[0x01] lapic_id[0x01] disabled)
2010-06-24T16:40:31.387825-04:00 bryan kernel: [    0.000000] ACPI: LAPIC (acpi_id[0x02] lapic_id[0x02] disabled)
2010-06-24T16:40:31.387830-04:00 bryan kernel: [    0.000000] ACPI: LAPIC (acpi_id[0x03] lapic_id[0x03] disabled)
2010-06-24T16:40:31.387834-04:00 bryan kernel: [    0.000000] ACPI: LAPIC (acpi_id[0x04] lapic_id[0x04] disabled)
2010-06-24T16:40:31.387838-04:00 bryan kernel: [    0.000000] ACPI: LAPIC (acpi_id[0x05] lapic_id[0x05] disabled)
2010-06-24T16:40:31.387844-04:00 bryan kernel: [    0.000000] ACPI: LAPIC (acpi_id[0x06] lapic_id[0x06] disabled)
2010-06-24T16:40:31.387849-04:00 bryan kernel: [    0.000000] ACPI: LAPIC (acpi_id[0x07] lapic_id[0x07] disabled)
2010-06-24T16:40:31.387853-04:00 bryan kernel: [    0.000000] ACPI: LAPIC (acpi_id[0x08] lapic_id[0x08] disabled)
2010-06-24T16:40:31.387857-04:00 bryan kernel: [    0.000000] ACPI: LAPIC (acpi_id[0x09] lapic_id[0x09] disabled)
2010-06-24T16:40:31.387861-04:00 bryan kernel: [    0.000000] ACPI: LAPIC (acpi_id[0x0a] lapic_id[0x0a] disabled)
2010-06-24T16:40:31.387865-04:00 bryan kernel: [    0.000000] ACPI: LAPIC (acpi_id[0x0b] lapic_id[0x0b] disabled)
2010-06-24T16:40:31.387876-04:00 bryan kernel: [    0.000000] ACPI: LAPIC (acpi_id[0x0c] lapic_id[0x0c] disabled)
2010-06-24T16:40:31.387882-04:00 bryan kernel: [    0.000000] ACPI: LAPIC (acpi_id[0x0d] lapic_id[0x0d] disabled)
2010-06-24T16:40:31.387886-04:00 bryan kernel: [    0.000000] ACPI: LAPIC (acpi_id[0x0e] lapic_id[0x0e] disabled)
2010-06-24T16:40:31.387890-04:00 bryan kernel: [    0.000000] ACPI: LAPIC (acpi_id[0x0f] lapic_id[0x0f] disabled)
2010-06-24T16:40:31.387895-04:00 bryan kernel: [    0.000000] ACPI: IOAPIC (id[0x01] address[0xfec00000] gsi_base[0])
2010-06-24T16:40:31.387899-04:00 bryan kernel: [    0.000000] IOAPIC[0]: apic_id 1, version 17, address 0xfec00000, GSI 0-23
2010-06-24T16:40:31.387904-04:00 bryan kernel: [    0.000000] ACPI: INT_SRC_OVR (bus 0 bus_irq 5 global_irq 5 high level)
2010-06-24T16:40:31.387914-04:00 bryan kernel: [    0.000000] ACPI: INT_SRC_OVR (bus 0 bus_irq 9 global_irq 9 high level)
2010-06-24T16:40:31.387919-04:00 bryan kernel: [    0.000000] ACPI: INT_SRC_OVR (bus 0 bus_irq 10 global_irq 10 high level)
2010-06-24T16:40:31.387923-04:00 bryan kernel: [    0.000000] ACPI: INT_SRC_OVR (bus 0 bus_irq 11 global_irq 11 high level)
2010-06-24T16:40:31.387927-04:00 bryan kernel: [    0.000000] ACPI: IRQ5 used by override.
2010-06-24T16:40:31.387931-04:00 bryan kernel: [    0.000000] ACPI: IRQ9 used by override.
2010-06-24T16:40:31.387935-04:00 bryan kernel: [    0.000000] ACPI: IRQ10 used by override.
2010-06-24T16:40:31.387944-04:00 bryan kernel: [    0.000000] ACPI: IRQ11 used by override.
2010-06-24T16:40:31.387949-04:00 bryan kernel: [    0.000000] Using ACPI (MADT) for SMP configuration information
2010-06-24T16:40:31.387953-04:00 bryan kernel: [    0.000000] 16 Processors exceeds NR_CPUS limit of 8
2010-06-24T16:40:31.387957-04:00 bryan kernel: [    0.000000] SMP: Allowing 8 CPUs, 7 hotplug CPUs
2010-06-24T16:40:31.387961-04:00 bryan kernel: [    0.000000] nr_irqs_gsi: 24
2010-06-24T16:40:31.388093-04:00 bryan kernel: [    0.000000] PM: Registered nosave memory: 0000000000002000 - 0000000000006000
2010-06-24T16:40:31.388097-04:00 bryan kernel: [    0.000000] PM: Registered nosave memory: 000000000009f000 - 00000000000a0000
2010-06-24T16:40:31.388109-04:00 bryan kernel: [    0.000000] PM: Registered nosave memory: 00000000000a0000 - 00000000000e8000
2010-06-24T16:40:31.388114-04:00 bryan kernel: [    0.000000] PM: Registered nosave memory: 00000000000e8000 - 0000000000100000
2010-06-24T16:40:31.388119-04:00 bryan kernel: [    0.000000] Allocating PCI resources starting at 20000000 (gap: 20000000:a0000000)
2010-06-24T16:40:31.388123-04:00 bryan kernel: [    0.000000] Booting paravirtualized kernel on KVM
2010-06-24T16:40:31.388127-04:00 bryan kernel: [    0.000000] NR_CPUS:8 nr_cpumask_bits:8 nr_cpu_ids:8 nr_node_ids:1
2010-06-24T16:40:31.388132-04:00 bryan kernel: [    0.000000] PERCPU: Embedded 14 pages/cpu @c1800000 s36024 r0 d21320 u524288
2010-06-24T16:40:31.388141-04:00 bryan kernel: [    0.000000] pcpu-alloc: s36024 r0 d21320 u524288 alloc=1*4194304
2010-06-24T16:40:31.388146-04:00 bryan kernel: [    0.000000] pcpu-alloc: [0] 0 1 2 3 4 5 6 7 
2010-06-24T16:40:31.388151-04:00 bryan kernel: [    0.000000] kvm-clock: cpu 0, msr 0:1808701, primary cpu clock
2010-06-24T16:40:31.388155-04:00 bryan kernel: [    0.000000] Built 1 zonelists in Zone order, mobility grouping on.  Total pages: 129931
2010-06-24T16:40:31.388160-04:00 bryan kernel: [    0.000000] Kernel command line: BOOT_IMAGE=/boot/vmlinuz-2.6.32-21-generic root=UUID=91eacd13-466a-4b66-88d3-b565471ce8a8 ro quiet splash
2010-06-24T16:40:31.388165-04:00 bryan kernel: [    0.000000] PID hash table entries: 2048 (order: 1, 8192 bytes)
2010-06-24T16:40:31.388169-04:00 bryan kernel: [    0.000000] Dentry cache hash table entries: 65536 (order: 6, 262144 bytes)
2010-06-24T16:40:31.388180-04:00 bryan kernel: [    0.000000] Inode-cache hash table entries: 32768 (order: 5, 131072 bytes)
2010-06-24T16:40:31.388184-04:00 bryan kernel: [    0.000000] Enabling fast FPU save and restore... done.
2010-06-24T16:40:31.388188-04:00 bryan kernel: [    0.000000] Enabling unmasked SIMD FPU exception support... done.
2010-06-24T16:40:31.388192-04:00 bryan kernel: [    0.000000] Initializing CPU#0
2010-06-24T16:40:31.388196-04:00 bryan kernel: [    0.000000] allocated 2621120 bytes of page_cgroup
2010-06-24T16:40:31.388201-04:00 bryan kernel: [    0.000000] please try 'cgroup_disable=memory' option if you don't want memory cgroups
2010-06-24T16:40:31.388210-04:00 bryan kernel: [    0.000000] Initializing HighMem for node 0 (00000000:00000000)
2010-06-24T16:40:31.388216-04:00 bryan kernel: [    0.000000] Memory: 499788k/524224k available (4673k kernel code, 23380k reserved, 2122k data, 656k init, 0k highmem)
2010-06-24T16:40:31.388220-04:00 bryan kernel: [    0.000000] virtual kernel memory layout:
2010-06-24T16:40:31.388224-04:00 bryan kernel: [    0.000000]     fixmap  : 0xfff1d000 - 0xfffff000   ( 904 kB)
2010-06-24T16:40:31.388229-04:00 bryan kernel: [    0.000000]     pkmap   : 0xff800000 - 0xffc00000   (4096 kB)
2010-06-24T16:40:31.388233-04:00 bryan kernel: [    0.000000]     vmalloc : 0xe07f0000 - 0xff7fe000   ( 496 MB)
2010-06-24T16:40:31.388242-04:00 bryan kernel: [    0.000000]     lowmem  : 0xc0000000 - 0xdfff0000   ( 511 MB)
2010-06-24T16:40:31.388247-04:00 bryan kernel: [    0.000000]       .init : 0xc07a3000 - 0xc0847000   ( 656 kB)
2010-06-24T16:40:31.388251-04:00 bryan kernel: [    0.000000]       .data : 0xc0590613 - 0xc07a2e48   (2122 kB)
2010-06-24T16:40:31.388255-04:00 bryan kernel: [    0.000000]       .text : 0xc0100000 - 0xc0590613   (4673 kB)
2010-06-24T16:40:31.388260-04:00 bryan kernel: [    0.000000] Checking if this processor honours the WP bit even in supervisor mode...Ok.
2010-06-24T16:40:31.388264-04:00 bryan kernel: [    0.000000] SLUB: Genslabs=13, HWalign=64, Order=0-3, MinObjects=0, CPUs=8, Nodes=1
2010-06-24T16:40:31.388268-04:00 bryan kernel: [    0.000000] Hierarchical RCU implementation.
2010-06-24T16:40:31.388278-04:00 bryan kernel: [    0.000000] NR_IRQS:2304 nr_irqs:472
2010-06-24T16:40:31.388282-04:00 bryan kernel: [    0.000000] Console: colour VGA+ 80x25
2010-06-24T16:40:31.388286-04:00 bryan kernel: [    0.000000] console [tty0] enabled
2010-06-24T16:40:31.388290-04:00 bryan kernel: [    0.000000] Detected 2666.842 MHz processor.
2010-06-24T16:40:31.388294-04:00 bryan kernel: [    0.004000] Calibrating delay loop (skipped) preset value.. 5333.68 BogoMIPS (lpj=10667368)
2010-06-24T16:40:31.388299-04:00 bryan kernel: [    0.004000] Security Framework initialized
2010-06-24T16:40:31.388302-04:00 bryan kernel: [    0.004000] AppArmor: AppArmor initialized
2010-06-24T16:40:31.388312-04:00 bryan kernel: [    0.004000] Mount-cache hash table entries: 512
2010-06-24T16:40:31.388316-04:00 bryan kernel: [    0.004000] Initializing cgroup subsys ns
2010-06-24T16:40:31.388320-04:00 bryan kernel: [    0.004000] Initializing cgroup subsys cpuacct
2010-06-24T16:40:31.388324-04:00 bryan kernel: [    0.004000] Initializing cgroup subsys memory
2010-06-24T16:40:31.388328-04:00 bryan kernel: [    0.004000] Initializing cgroup subsys devices
2010-06-24T16:40:31.388332-04:00 bryan kernel: [    0.004000] Initializing cgroup subsys freezer
2010-06-24T16:40:31.388336-04:00 bryan kernel: [    0.004000] Initializing cgroup subsys net_cls
2010-06-24T16:40:31.388345-04:00 bryan kernel: [    0.004000] , L1 D cache: 32K
2010-06-24T16:40:31.388350-04:00 bryan kernel: [    0.004000] mce: CPU supports 0 MCE banks
2010-06-24T16:40:31.388354-04:00 bryan kernel: [    0.004000] Performance Events: p6 PMU driver.
2010-06-24T16:40:31.388357-04:00 bryan kernel: [    0.004000] ... version:                0
2010-06-24T16:40:31.388361-04:00 bryan kernel: [    0.004000] ... bit width:              32
2010-06-24T16:40:31.388365-04:00 bryan kernel: [    0.004000] ... generic registers:      2
2010-06-24T16:40:31.388369-04:00 bryan kernel: [    0.004000] ... value mask:             00000000ffffffff
2010-06-24T16:40:31.388378-04:00 bryan kernel: [    0.004000] ... max period:             000000007fffffff
2010-06-24T16:40:31.388383-04:00 bryan kernel: [    0.004000] ... fixed-purpose events:   0
2010-06-24T16:40:31.388387-04:00 bryan kernel: [    0.004000] ... event mask:             0000000000000003
2010-06-24T16:40:31.388391-04:00 bryan kernel: [    0.004000] SMP alternatives: switching to UP code
2010-06-24T16:40:31.388395-04:00 bryan kernel: [    0.019568] ACPI: Core revision 20090903
2010-06-24T16:40:31.388399-04:00 bryan kernel: [    0.020234] ftrace: converting mcount calls to 0f 1f 44 00 00
2010-06-24T16:40:31.388403-04:00 bryan kernel: [    0.020239] ftrace: allocating 21771 entries in 43 pages
2010-06-24T16:40:31.388412-04:00 bryan kernel: [    0.024131] Enabling APIC mode:  Flat.  Using 1 I/O APICs
2010-06-24T16:40:31.388669-04:00 bryan kernel: [    0.025053] ..TIMER: vector=0x30 apic1=0 pin1=0 apic2=-1 pin2=-1
2010-06-24T16:40:31.388676-04:00 bryan kernel: [    0.028003] CPU0: Intel QEMU Virtual CPU version 0.9.1 stepping 03
2010-06-24T16:40:31.388680-04:00 bryan kernel: [    0.032001] Brought up 1 CPUs
2010-06-24T16:40:31.388684-04:00 bryan kernel: [    0.032001] Total of 1 processors activated (5333.68 BogoMIPS).
2010-06-24T16:40:31.388688-04:00 bryan kernel: [    0.032001] CPU0 attaching NULL sched-domain.
2010-06-24T16:40:31.388692-04:00 bryan kernel: [    0.032001] devtmpfs: initialized
2010-06-24T16:40:31.388703-04:00 bryan kernel: [    0.032001] regulator: core version 0.5
2010-06-24T16:40:31.388707-04:00 bryan kernel: [    0.032001] Time: 20:40:23  Date: 06/24/10
2010-06-24T16:40:31.388711-04:00 bryan kernel: [    0.032001] NET: Registered protocol family 16
2010-06-24T16:40:31.388714-04:00 bryan kernel: [    0.032001] EISA bus registered
2010-06-24T16:40:31.388718-04:00 bryan kernel: [    0.032001] ACPI: bus type pci registered
2010-06-24T16:40:31.388722-04:00 bryan kernel: [    0.032001] PCI: PCI BIOS revision 2.10 entry at 0xfb560, last bus=0
2010-06-24T16:40:31.388727-04:00 bryan kernel: [    0.032001] PCI: Using configuration type 1 for base access
2010-06-24T16:40:31.388737-04:00 bryan kernel: [    0.032001] bio: create slab <bio-0> at 0
2010-06-24T16:40:31.388741-04:00 bryan kernel: [    0.032001] ACPI: EC: Look up EC in DSDT
2010-06-24T16:40:31.388745-04:00 bryan kernel: [    0.032001] ACPI: Interpreter enabled
2010-06-24T16:40:31.388748-04:00 bryan kernel: [    0.032001] ACPI: (supports S0 S3 S4 S5)
2010-06-24T16:40:31.388753-04:00 bryan kernel: [    0.032001] ACPI: Using IOAPIC for interrupt routing
2010-06-24T16:40:31.388756-04:00 bryan kernel: [    0.034125] ACPI: No dock devices found.
2010-06-24T16:40:31.388760-04:00 bryan kernel: [    0.034139] ACPI: PCI Root Bridge [PCI0] (0000:00)
2010-06-24T16:40:31.388770-04:00 bryan kernel: [    0.034546] pci 0000:00:01.1: reg 20 io port: [0xc000-0xc00f]
2010-06-24T16:40:31.388775-04:00 bryan kernel: [    0.034700] pci 0000:00:01.2: reg 20 io port: [0xc020-0xc03f]
2010-06-24T16:40:31.388779-04:00 bryan kernel: [    0.034889] pci 0000:00:01.3: quirk: region b000-b03f claimed by PIIX4 ACPI
2010-06-24T16:40:31.388784-04:00 bryan kernel: [    0.034894] pci 0000:00:01.3: quirk: region b100-b10f claimed by PIIX4 SMB
2010-06-24T16:40:31.388788-04:00 bryan kernel: [    0.035316] pci 0000:00:02.0: reg 10 32bit mmio pref: [0xc2000000-0xc3ffffff]
2010-06-24T16:40:31.388793-04:00 bryan kernel: [    0.035403] pci 0000:00:02.0: reg 14 32bit mmio: [0xc4000000-0xc4000fff]
2010-06-24T16:40:31.388802-04:00 bryan kernel: [    0.035864] pci 0000:00:03.0: reg 10 io port: [0xc040-0xc05f]
2010-06-24T16:40:31.388807-04:00 bryan kernel: [    0.036073] pci 0000:00:04.0: reg 10 io port: [0xc080-0xc0bf]
2010-06-24T16:40:31.388812-04:00 bryan kernel: [    0.036231] pci 0000:00:05.0: reg 10 io port: [0xc0c0-0xc0df]
2010-06-24T16:40:31.388816-04:00 bryan kernel: [    0.036437] pci_bus 0000:00: on NUMA node 0
2010-06-24T16:40:31.388820-04:00 bryan kernel: [    0.036440] ACPI: PCI Interrupt Routing Table [\_SB_.PCI0._PRT]
2010-06-24T16:40:31.388824-04:00 bryan kernel: [    0.038433] ACPI: PCI Interrupt Link [LNKA] (IRQs 5 *10 11)
2010-06-24T16:40:31.388828-04:00 bryan kernel: [    0.038489] ACPI: PCI Interrupt Link [LNKB] (IRQs 5 *10 11)
2010-06-24T16:40:31.388839-04:00 bryan kernel: [    0.038548] ACPI: PCI Interrupt Link [LNKC] (IRQs 5 10 *11)
2010-06-24T16:40:31.388844-04:00 bryan kernel: [    0.038608] ACPI: PCI Interrupt Link [LNKD] (IRQs 5 10 *11)
2010-06-24T16:40:31.388849-04:00 bryan kernel: [    0.038677] vgaarb: device added: PCI:0000:00:02.0,decodes=io+mem,owns=io+mem,locks=none
2010-06-24T16:40:31.388852-04:00 bryan kernel: [    0.038679] vgaarb: loaded
2010-06-24T16:40:31.388856-04:00 bryan kernel: [    0.038805] SCSI subsystem initialized
2010-06-24T16:40:31.388860-04:00 bryan kernel: [    0.038853] libata version 3.00 loaded.
2010-06-24T16:40:31.388864-04:00 bryan kernel: [    0.038904] usbcore: registered new interface driver usbfs
2010-06-24T16:40:31.388874-04:00 bryan kernel: [    0.038912] usbcore: registered new interface driver hub
2010-06-24T16:40:31.388879-04:00 bryan kernel: [    0.038931] usbcore: registered new device driver usb
2010-06-24T16:40:31.388882-04:00 bryan kernel: [    0.039057] ACPI: WMI: Mapper loaded
2010-06-24T16:40:31.388886-04:00 bryan kernel: [    0.039058] PCI: Using ACPI for IRQ routing
2010-06-24T16:40:31.388890-04:00 bryan kernel: [    0.039201] NetLabel: Initializing
2010-06-24T16:40:31.388894-04:00 bryan kernel: [    0.039204] NetLabel:  domain hash size = 128
2010-06-24T16:40:31.388898-04:00 bryan kernel: [    0.039205] NetLabel:  protocols = UNLABELED CIPSOv4
2010-06-24T16:40:31.388911-04:00 bryan kernel: [    0.039215] NetLabel:  unlabeled traffic allowed by default
2010-06-24T16:40:31.388916-04:00 bryan kernel: [    0.039238] Switching to clocksource kvm-clock
2010-06-24T16:40:31.388920-04:00 bryan kernel: [    0.039993] AppArmor: AppArmor Filesystem Enabled
2010-06-24T16:40:31.388923-04:00 bryan kernel: [    0.039993] pnp: PnP ACPI init
2010-06-24T16:40:31.388927-04:00 bryan kernel: [    0.039993] ACPI: bus type pnp registered
2010-06-24T16:40:31.388931-04:00 bryan kernel: [    0.039993] pnp: PnP ACPI: found 6 devices
2010-06-24T16:40:31.388935-04:00 bryan kernel: [    0.039993] ACPI: ACPI bus type pnp unregistered
2010-06-24T16:40:31.388945-04:00 bryan kernel: [    0.039993] PnPBIOS: Disabled
2010-06-24T16:40:31.388949-04:00 bryan kernel: [    0.072708] pci_bus 0000:00: resource 0 io:  [0x00-0xffff]
2010-06-24T16:40:31.388954-04:00 bryan kernel: [    0.072710] pci_bus 0000:00: resource 1 mem: [0x000000-0xffffffff]
2010-06-24T16:40:31.388958-04:00 bryan kernel: [    0.072763] NET: Registered protocol family 2
2010-06-24T16:40:31.388962-04:00 bryan kernel: [    0.072833] IP route cache hash table entries: 4096 (order: 2, 16384 bytes)
2010-06-24T16:40:31.388967-04:00 bryan kernel: [    0.073008] TCP established hash table entries: 16384 (order: 5, 131072 bytes)
2010-06-24T16:40:31.388971-04:00 bryan kernel: [    0.073077] TCP bind hash table entries: 16384 (order: 5, 131072 bytes)
2010-06-24T16:40:31.388982-04:00 bryan kernel: [    0.073144] TCP: Hash tables configured (established 16384 bind 16384)
2010-06-24T16:40:31.388986-04:00 bryan kernel: [    0.073146] TCP reno registered
2010-06-24T16:40:31.388989-04:00 bryan kernel: [    0.073221] NET: Registered protocol family 1
2010-06-24T16:40:31.388994-04:00 bryan kernel: [    0.073232] pci 0000:00:00.0: Limiting direct PCI/PCI transfers
2010-06-24T16:40:31.388998-04:00 bryan kernel: [    0.073243] pci 0000:00:01.0: Activating ISA DMA hang workarounds
2010-06-24T16:40:31.389002-04:00 bryan kernel: [    0.073276] pci 0000:00:02.0: Boot video device
2010-06-24T16:40:31.389011-04:00 bryan kernel: [    0.073348] cpufreq-nforce2: No nForce2 chipset.
2010-06-24T16:40:31.389016-04:00 bryan kernel: [    0.073368] Scanning for low memory corruption every 60 seconds
2010-06-24T16:40:31.389148-04:00 bryan kernel: [    0.073438] audit: initializing netlink socket (disabled)
2010-06-24T16:40:31.389152-04:00 bryan kernel: [    0.073443] type=2000 audit(1277408425.072:1): initialized
2010-06-24T16:40:31.389156-04:00 bryan kernel: [    0.080851] Trying to unpack rootfs image as initramfs...
2010-06-24T16:40:31.389161-04:00 bryan kernel: [    0.088935] HugeTLB registered 4 MB page size, pre-allocated 0 pages
2010-06-24T16:40:31.389165-04:00 bryan kernel: [    0.093680] VFS: Disk quotas dquot_6.5.2
2010-06-24T16:40:31.389175-04:00 bryan kernel: [    0.093733] Dquot-cache hash table entries: 1024 (order 0, 4096 bytes)
2010-06-24T16:40:31.389179-04:00 bryan kernel: [    0.094133] fuse init (API version 7.13)
2010-06-24T16:40:31.389183-04:00 bryan kernel: [    0.094183] msgmni has been set to 977
2010-06-24T16:40:31.389187-04:00 bryan kernel: [    0.100915] alg: No test for stdrng (krng)
2010-06-24T16:40:31.389192-04:00 bryan kernel: [    0.100953] Block layer SCSI generic (bsg) driver version 0.4 loaded (major 253)
2010-06-24T16:40:31.389196-04:00 bryan kernel: [    0.100955] io scheduler noop registered
2010-06-24T16:40:31.389200-04:00 bryan kernel: [    0.100956] io scheduler anticipatory registered
2010-06-24T16:40:31.389209-04:00 bryan kernel: [    0.100957] io scheduler deadline registered
2010-06-24T16:40:31.389214-04:00 bryan kernel: [    0.100980] io scheduler cfq registered (default)
2010-06-24T16:40:31.389218-04:00 bryan kernel: [    0.101026] pci_hotplug: PCI Hot Plug PCI Core version: 0.5
2010-06-24T16:40:31.389222-04:00 bryan kernel: [    0.101042] pciehp: PCI Express Hot Plug Controller Driver version: 0.4
2010-06-24T16:40:31.389227-04:00 bryan kernel: [    0.101096] input: Power Button as /devices/LNXSYSTM:00/LNXPWRBN:00/input/input0
2010-06-24T16:40:31.389231-04:00 bryan kernel: [    0.101099] ACPI: Power Button [PWRF]
2010-06-24T16:40:31.389235-04:00 bryan kernel: [    0.101415] processor LNXCPU:00: registered as cooling_device0
2010-06-24T16:40:31.389245-04:00 bryan kernel: [    0.102826] Serial: 8250/16550 driver, 4 ports, IRQ sharing enabled
2010-06-24T16:40:31.389249-04:00 bryan kernel: [    0.102987] serial8250: ttyS0 at I/O 0x3f8 (irq = 4) is a 16550A
2010-06-24T16:40:31.389254-04:00 bryan kernel: [    0.103258] 00:05: ttyS0 at I/O 0x3f8 (irq = 4) is a 16550A
2010-06-24T16:40:31.389257-04:00 bryan kernel: [    0.103989] brd: module loaded
2010-06-24T16:40:31.389261-04:00 bryan kernel: [    0.104285] loop: module loaded
2010-06-24T16:40:31.389265-04:00 bryan kernel: [    0.104351] input: Macintosh mouse button emulation as /devices/virtual/input/input1
2010-06-24T16:40:31.389275-04:00 bryan kernel: [    0.104402] ata_piix 0000:00:01.1: version 2.13
2010-06-24T16:40:31.389279-04:00 bryan kernel: [    0.104587] scsi0 : ata_piix
2010-06-24T16:40:31.389283-04:00 bryan kernel: [    0.104657] isapnp: Scanning for PnP cards...
2010-06-24T16:40:31.389287-04:00 bryan kernel: [    0.110225] scsi1 : ata_piix
2010-06-24T16:40:31.389291-04:00 bryan kernel: [    0.110274] ata1: PATA max MWDMA2 cmd 0x1f0 ctl 0x3f6 bmdma 0xc000 irq 14
2010-06-24T16:40:31.389296-04:00 bryan kernel: [    0.110275] ata2: PATA max MWDMA2 cmd 0x170 ctl 0x376 bmdma 0xc008 irq 15
2010-06-24T16:40:31.389300-04:00 bryan kernel: [    0.110463] Fixed MDIO Bus: probed
2010-06-24T16:40:31.389312-04:00 bryan kernel: [    0.110484] PPP generic driver version 2.4.2
2010-06-24T16:40:31.389317-04:00 bryan kernel: [    0.110516] tun: Universal TUN/TAP device driver, 1.6
2010-06-24T16:40:31.389321-04:00 bryan kernel: [    0.110517] tun: (C) 1999-2004 Max Krasnyansky <maxk@qualcomm.com>
2010-06-24T16:40:31.389325-04:00 bryan kernel: [    0.110564] ehci_hcd: USB 2.0 'Enhanced' Host Controller (EHCI) Driver
2010-06-24T16:40:31.389330-04:00 bryan kernel: [    0.110575] ohci_hcd: USB 1.1 'Open' Host Controller (OHCI) Driver
2010-06-24T16:40:31.389334-04:00 bryan kernel: [    0.110582] uhci_hcd: USB Universal Host Controller Interface driver
2010-06-24T16:40:31.389338-04:00 bryan kernel: [    0.110680] ACPI: PCI Interrupt Link [LNKD] enabled at IRQ 11
2010-06-24T16:40:31.389349-04:00 bryan kernel: [    0.110698] uhci_hcd 0000:00:01.2: PCI INT D -> Link[LNKD] -> GSI 11 (level, high) -> IRQ 11
2010-06-24T16:40:31.389353-04:00 bryan kernel: [    0.110710] uhci_hcd 0000:00:01.2: UHCI Host Controller
2010-06-24T16:40:31.389358-04:00 bryan kernel: [    0.110756] uhci_hcd 0000:00:01.2: new USB bus registered, assigned bus number 1
2010-06-24T16:40:31.389362-04:00 bryan kernel: [    0.110827] uhci_hcd 0000:00:01.2: irq 11, io base 0x0000c020
2010-06-24T16:40:31.389366-04:00 bryan kernel: [    0.110924] usb usb1: configuration #1 chosen from 1 choice
2010-06-24T16:40:31.389370-04:00 bryan kernel: [    0.110942] hub 1-0:1.0: USB hub found
2010-06-24T16:40:31.389379-04:00 bryan kernel: [    0.110949] hub 1-0:1.0: 2 ports detected
2010-06-24T16:40:31.389384-04:00 bryan kernel: [    0.111013] PNP: PS/2 Controller [PNP0303:KBD,PNP0f13:MOU] at 0x60,0x64 irq 1,12
2010-06-24T16:40:31.389389-04:00 bryan kernel: [    0.111468] serio: i8042 KBD port at 0x60,0x64 irq 1
2010-06-24T16:40:31.389393-04:00 bryan kernel: [    0.111473] serio: i8042 AUX port at 0x60,0x64 irq 12
2010-06-24T16:40:31.389397-04:00 bryan kernel: [    0.111563] mice: PS/2 mouse device common for all mice
2010-06-24T16:40:31.389401-04:00 bryan kernel: [    0.111947] input: AT Translated Set 2 keyboard as /devices/platform/i8042/serio0/input/input2
2010-06-24T16:40:31.389406-04:00 bryan kernel: [    0.112156] rtc_cmos 00:01: rtc core: registered rtc_cmos as rtc0
2010-06-24T16:40:31.389416-04:00 bryan kernel: [    0.112207] rtc0: alarms up to one day, 114 bytes nvram
2010-06-24T16:40:31.389420-04:00 bryan kernel: [    0.112272] device-mapper: uevent: version 1.0.3
2010-06-24T16:40:31.389425-04:00 bryan kernel: [    0.112346] device-mapper: ioctl: 4.15.0-ioctl (2009-04-01) initialised: dm-devel@redhat.com
2010-06-24T16:40:31.389429-04:00 bryan kernel: [    0.117014] device-mapper: multipath: version 1.1.0 loaded
2010-06-24T16:40:31.389433-04:00 bryan kernel: [    0.117019] device-mapper: multipath round-robin: version 1.0.0 loaded
2010-06-24T16:40:31.389437-04:00 bryan kernel: [    0.117100] EISA: Probing bus 0 at eisa.0
2010-06-24T16:40:31.389448-04:00 bryan kernel: [    0.117143] EISA: Detected 0 cards.
2010-06-24T16:40:31.389452-04:00 bryan kernel: [    0.164985] cpuidle: using governor ladder
2010-06-24T16:40:31.389456-04:00 bryan kernel: [    0.164986] cpuidle: using governor menu
2010-06-24T16:40:31.389460-04:00 bryan kernel: [    0.165247] TCP cubic registered
2010-06-24T16:40:31.389464-04:00 bryan kernel: [    0.165346] NET: Registered protocol family 10
2010-06-24T16:40:31.389468-04:00 bryan kernel: [    0.165672] lo: Disabled Privacy Extensions
2010-06-24T16:40:31.389472-04:00 bryan kernel: [    0.165873] NET: Registered protocol family 17
2010-06-24T16:40:31.389478-04:00 bryan kernel: [    0.165914] Using IPI No-Shortcut mode
2010-06-24T16:40:31.389710-04:00 bryan kernel: [    0.165975] PM: Resume from disk failed.
2010-06-24T16:40:31.389715-04:00 bryan kernel: [    0.165983] registered taskstats version 1
2010-06-24T16:40:31.389719-04:00 bryan kernel: [    0.166119]   Magic number: 14:59:701
2010-06-24T16:40:31.389723-04:00 bryan kernel: [    0.166179] rtc_cmos 00:01: setting system clock to 2010-06-24 20:40:24 UTC (1277412024)
2010-06-24T16:40:31.389728-04:00 bryan kernel: [    0.166182] BIOS EDD facility v0.16 2004-Jun-25, 0 devices found
2010-06-24T16:40:31.389732-04:00 bryan kernel: [    0.166182] EDD information not available.
2010-06-24T16:40:31.389736-04:00 bryan kernel: [    0.273133] ata2.01: NODEV after polling detection
2010-06-24T16:40:31.389747-04:00 bryan kernel: [    0.273317] ata2.00: ATAPI: QEMU DVD-ROM, 0.9.1, max UDMA/100
2010-06-24T16:40:31.389751-04:00 bryan kernel: [    0.273637] ata2.00: configured for MWDMA2
2010-06-24T16:40:31.389755-04:00 bryan kernel: [    0.373836] Freeing initrd memory: 7772k freed
2010-06-24T16:40:31.389759-04:00 bryan kernel: [    0.594530] isapnp: No Plug & Play device found
2010-06-24T16:40:31.389763-04:00 bryan kernel: [    0.594843] scsi 1:0:0:0: CD-ROM            QEMU     QEMU DVD-ROM     0.9. PQ: 0 ANSI: 5
2010-06-24T16:40:31.389767-04:00 bryan kernel: [    0.596075] sr0: scsi3-mmc drive: 4x/4x xa/form2 tray
2010-06-24T16:40:31.389777-04:00 bryan kernel: [    0.596077] Uniform CD-ROM driver Revision: 3.20
2010-06-24T16:40:31.389782-04:00 bryan kernel: [    0.596155] sr 1:0:0:0: Attached scsi CD-ROM sr0
2010-06-24T16:40:31.389786-04:00 bryan kernel: [    0.596199] sr 1:0:0:0: Attached scsi generic sg0 type 5
2010-06-24T16:40:31.389790-04:00 bryan kernel: [    0.596238] Freeing unused kernel memory: 656k freed
2010-06-24T16:40:31.389794-04:00 bryan kernel: [    0.596462] Write protecting the kernel text: 4676k
2010-06-24T16:40:31.389798-04:00 bryan kernel: [    0.596482] Write protecting the kernel read-only data: 1840k
2010-06-24T16:40:31.389802-04:00 bryan kernel: [    0.607016] udev: starting version 151
2010-06-24T16:40:31.389811-04:00 bryan kernel: [    0.706198] ACPI: PCI Interrupt Link [LNKC] enabled at IRQ 10
2010-06-24T16:40:31.389817-04:00 bryan kernel: [    0.706219] virtio-pci 0000:00:03.0: PCI INT A -> Link[LNKC] -> GSI 10 (level, high) -> IRQ 10
2010-06-24T16:40:31.389822-04:00 bryan kernel: [    0.707588] virtio-pci 0000:00:04.0: PCI INT A -> Link[LNKD] -> GSI 11 (level, high) -> IRQ 11
2010-06-24T16:40:31.389826-04:00 bryan kernel: [    0.707837] ACPI: PCI Interrupt Link [LNKA] enabled at IRQ 10
2010-06-24T16:40:31.389831-04:00 bryan kernel: [    0.707840] virtio-pci 0000:00:05.0: PCI INT A -> Link[LNKA] -> GSI 10 (level, high) -> IRQ 10
2010-06-24T16:40:31.389835-04:00 bryan kernel: [    0.712797]  vda: vda1 vda2 <
2010-06-24T16:40:31.389838-04:00 bryan kernel: [    0.721033] FDC 0 is a S82078B
2010-06-24T16:40:31.389848-04:00 bryan kernel: [    0.730876]  vda5 >
2010-06-24T16:40:31.389853-04:00 bryan kernel: [    1.314770] EXT4-fs (vda1): mounted filesystem with ordered data mode
2010-06-24T16:40:31.389857-04:00 bryan kernel: [    2.588366] Adding 916472k swap on /dev/vda5.  Priority:-1 extents:1 across:916472k 
2010-06-24T16:40:31.389861-04:00 bryan kernel: [    2.691138] udev: starting version 151
2010-06-24T16:40:31.389866-04:00 bryan kernel: [    3.534454] type=1505 audit(1277412027.866:2):  operation="profile_load" pid=486 name="/sbin/dhclient3"
2010-06-24T16:40:31.389871-04:00 bryan kernel: [    3.535123] type=1505 audit(1277412027.866:3):  operation="profile_load" pid=486 name="/usr/lib/NetworkManager/nm-dhcp-client.action"
2010-06-24T16:40:31.389883-04:00 bryan kernel: [    3.535476] type=1505 audit(1277412027.866:4):  operation="profile_load" pid=486 name="/usr/lib/connman/scripts/dhclient-script"
2010-06-24T16:40:31.389887-04:00 bryan kernel: [    3.610983] piix4_smbus 0000:00:01.3: SMBus Host Controller at 0xb100, revision 0
2010-06-24T16:40:31.389892-04:00 bryan kernel: [    3.797764] vga16fb: initializing
2010-06-24T16:40:31.389895-04:00 bryan kernel: [    3.797769] vga16fb: mapped to 0xc00a0000
2010-06-24T16:40:31.389899-04:00 bryan kernel: [    3.797915] fb0: VGA16 VGA frame buffer device
2010-06-24T16:40:31.389903-04:00 bryan kernel: [    4.156968] lp: driver loaded but no devices found
2010-06-24T16:40:31.389912-04:00 bryan kernel: [    4.819661] Console: switching to colour frame buffer device 80x30
2010-06-24T16:40:31.389917-04:00 bryan kernel: [    5.079781] psmouse serio1: ID: 10 00 64
2010-06-24T16:40:31.389922-04:00 bryan kernel: [    5.515454] input: ImExPS/2 Generic Explorer Mouse as /devices/platform/i8042/serio1/input/input3
2010-06-24T16:40:32.317638-04:00 bryan avahi-daemon[612]: Found user 'avahi' (UID 104) and group 'avahi' (GID 111).
2010-06-24T16:40:32.317937-04:00 bryan avahi-daemon[612]: Successfully dropped root privileges.
2010-06-24T16:40:32.318183-04:00 bryan avahi-daemon[612]: avahi-daemon 0.6.25 starting up.
2010-06-24T16:40:32.354926-04:00 bryan avahi-daemon[612]: Successfully called chroot().
2010-06-24T16:40:32.354943-04:00 bryan avahi-daemon[612]: Successfully dropped remaining capabilities.
2010-06-24T16:40:32.378381-04:00 bryan avahi-daemon[612]: No service file found in /etc/avahi/services.
2010-06-24T16:40:32.393186-04:00 bryan avahi-daemon[612]: Network interface enumeration completed.
2010-06-24T16:40:32.393356-04:00 bryan avahi-daemon[612]: Registering HINFO record with values 'I686'/'LINUX'.
2010-06-24T16:40:32.393880-04:00 bryan avahi-daemon[612]: Server startup complete. Host name is bryan.local. Local service cookie is 3917982372.
2010-06-24T16:40:32.790727-04:00 bryan kernel: [    8.456309] JBD: barrier-based sync failed on vda1-8 - disabling barriers
2010-06-24T16:40:33.134736-04:00 bryan kernel: [    8.797593] type=1505 audit(1277412033.130:5):  operation="profile_load" pid=625 name="/usr/share/gdm/guest-session/Xsession"
2010-06-24T16:40:33.134865-04:00 bryan kernel: [    8.799333] type=1505 audit(1277412033.130:6):  operation="profile_replace" pid=626 name="/sbin/dhclient3"
2010-06-24T16:40:33.134879-04:00 bryan kernel: [    8.800013] type=1505 audit(1277412033.130:7):  operation="profile_replace" pid=626 name="/usr/lib/NetworkManager/nm-dhcp-client.action"
2010-06-24T16:40:33.134885-04:00 bryan kernel: [    8.800372] type=1505 audit(1277412033.130:8):  operation="profile_replace" pid=626 name="/usr/lib/connman/scripts/dhclient-script"
2010-06-24T16:40:33.230616-04:00 bryan kernel: [    8.895510] type=1505 audit(1277412033.227:9):  operation="profile_load" pid=627 name="/usr/bin/evince"
2010-06-24T16:40:33.238644-04:00 bryan kernel: [    8.904320] type=1505 audit(1277412033.234:10):  operation="profile_load" pid=627 name="/usr/bin/evince-previewer"
2010-06-24T16:40:33.246649-04:00 bryan kernel: [    8.910340] type=1505 audit(1277412033.242:11):  operation="profile_load" pid=627 name="/usr/bin/evince-thumbnailer"
2010-06-24T16:40:33.248265-04:00 bryan NetworkManager: <info>  starting...
2010-06-24T16:40:33.253532-04:00 bryan NetworkManager: <info>  Trying to start the modem-manager...
2010-06-24T16:40:33.478645-04:00 bryan kernel: [    9.141575] type=1505 audit(1277412033.475:12):  operation="profile_load" pid=632 name="/usr/lib/cups/backend/cups-pdf"
2010-06-24T16:40:33.478782-04:00 bryan kernel: [    9.142403] type=1505 audit(1277412033.475:13):  operation="profile_load" pid=632 name="/usr/sbin/cupsd"
2010-06-24T16:40:33.498528-04:00 bryan NetworkManager:    SCPlugin-Ifupdown: init!
2010-06-24T16:40:33.498680-04:00 bryan NetworkManager:    SCPlugin-Ifupdown: update_system_hostname
2010-06-24T16:40:33.498694-04:00 bryan NetworkManager:    SCPluginIfupdown: management mode: unmanaged
2010-06-24T16:40:33.498705-04:00 bryan NetworkManager:    SCPlugin-Ifupdown: devices added (path: /sys/devices/virtio-pci/virtio0/net/eth0, iface: eth0)
2010-06-24T16:40:33.498716-04:00 bryan NetworkManager:    SCPlugin-Ifupdown: device added (path: /sys/devices/virtio-pci/virtio0/net/eth0, iface: eth0): no ifupdown configuration found.
2010-06-24T16:40:33.498725-04:00 bryan NetworkManager:    SCPlugin-Ifupdown: devices added (path: /sys/devices/virtual/net/lo, iface: lo)
2010-06-24T16:40:33.498796-04:00 bryan NetworkManager:    SCPlugin-Ifupdown: device added (path: /sys/devices/virtual/net/lo, iface: lo): no ifupdown configuration found.
2010-06-24T16:40:33.498809-04:00 bryan NetworkManager:    SCPlugin-Ifupdown: end _init.
2010-06-24T16:40:33.498819-04:00 bryan NetworkManager: Loaded plugin ifupdown: (C) 2008 Canonical Ltd.  To report bugs please use the NetworkManager mailing list.
2010-06-24T16:40:33.542678-04:00 bryan kernel: [    9.206575] type=1505 audit(1277412033.540:14):  operation="profile_load" pid=633 name="/usr/sbin/tcpdump"
2010-06-24T16:40:34.109422-04:00 bryan gdm-binary[603]: WARNING: Unable to load file '/etc/gdm/custom.conf': No such file or directory
2010-06-24T16:40:34.115117-04:00 bryan NetworkManager: Loaded plugin keyfile: (c) 2007 - 2008 Red Hat, Inc.  To report bugs please use the NetworkManager mailing list.
2010-06-24T16:40:34.118155-04:00 bryan NetworkManager: <info>  WiFi enabled by radio killswitch; enabled by state file
2010-06-24T16:40:34.118318-04:00 bryan NetworkManager: <info>  WWAN enabled by radio killswitch; enabled by state file
2010-06-24T16:40:34.118444-04:00 bryan NetworkManager:    SCPlugin-Ifupdown: (146063600) ... get_connections.
2010-06-24T16:40:34.118556-04:00 bryan NetworkManager:    SCPlugin-Ifupdown: (146063600) ... get_connections (managed=false): return empty list.
2010-06-24T16:40:34.205048-04:00 bryan modem-manager: Loaded plugin Nokia
2010-06-24T16:40:34.371887-04:00 bryan modem-manager: Loaded plugin Ericsson MBM
2010-06-24T16:40:34.401086-04:00 bryan modem-manager: Loaded plugin Longcheer
2010-06-24T16:40:34.421344-04:00 bryan modem-manager: Loaded plugin Novatel
2010-06-24T16:40:34.453922-04:00 bryan modem-manager: Loaded plugin ZTE
2010-06-24T16:40:34.466030-04:00 bryan modem-manager: Loaded plugin AnyData
2010-06-24T16:40:34.848923-04:00 bryan modem-manager: Loaded plugin Gobi
2010-06-24T16:40:34.916589-04:00 bryan modem-manager: Loaded plugin MotoC
2010-06-24T16:40:35.042763-04:00 bryan modem-manager: Loaded plugin Huawei
2010-06-24T16:40:35.081893-04:00 bryan modem-manager: Loaded plugin Sierra
2010-06-24T16:40:35.333217-04:00 bryan modem-manager: Loaded plugin Option High-Speed
2010-06-24T16:40:35.369066-04:00 bryan modem-manager: Loaded plugin Option
2010-06-24T16:40:35.376804-04:00 bryan modem-manager: Loaded plugin Generic
2010-06-24T16:40:36.072565-04:00 bryan NetworkManager:    Ifupdown: get unmanaged devices count: 0
2010-06-24T16:40:36.219075-04:00 bryan NetworkManager: <info>  (eth0): carrier is OFF
2010-06-24T16:40:36.219403-04:00 bryan NetworkManager: <info>  (eth0): new Ethernet device (driver: 'virtio_net')
2010-06-24T16:40:36.219796-04:00 bryan NetworkManager: <info>  (eth0): exported as /org/freedesktop/NetworkManager/Devices/0
2010-06-24T16:40:36.219939-04:00 bryan NetworkManager: <info>  (eth0): now managed
2010-06-24T16:40:36.220078-04:00 bryan NetworkManager: <info>  (eth0): device state change: 1 -> 2 (reason 2)
2010-06-24T16:40:36.220212-04:00 bryan NetworkManager: <info>  (eth0): bringing up device.
2010-06-24T16:40:36.220791-04:00 bryan NetworkManager: <info>  (eth0): preparing device.
2010-06-24T16:40:36.220917-04:00 bryan NetworkManager: <info>  (eth0): deactivating device (reason: 2).
2010-06-24T16:40:36.222097-04:00 bryan NetworkManager: Added default wired connection 'Auto eth0' for /sys/devices/virtio-pci/virtio0/net/eth0
2010-06-24T16:40:36.226246-04:00 bryan NetworkManager: <info>  (eth0): carrier now ON (device state 2)
2010-06-24T16:40:36.226398-04:00 bryan NetworkManager: <info>  (eth0): device state change: 2 -> 3 (reason 40)
2010-06-24T16:40:36.227433-04:00 bryan NetworkManager: <WARN>  default_adapter_cb(): bluez error getting default adapter: The name org.bluez was not provided by any .service files
2010-06-24T16:40:36.227829-04:00 bryan NetworkManager: <info>  modem-manager is now available
2010-06-24T16:40:36.229543-04:00 bryan NetworkManager: <info>  Trying to start the supplicant...
2010-06-24T16:40:36.231225-04:00 bryan NetworkManager: <info>  Activation (eth0) starting connection 'Auto eth0'
2010-06-24T16:40:36.231388-04:00 bryan NetworkManager: <info>  (eth0): device state change: 3 -> 4 (reason 0)
2010-06-24T16:40:36.232010-04:00 bryan NetworkManager: <info>  Activation (eth0) Stage 1 of 5 (Device Prepare) scheduled...
2010-06-24T16:40:36.232880-04:00 bryan NetworkManager: <info>  Activation (eth0) Stage 1 of 5 (Device Prepare) started...
2010-06-24T16:40:36.233042-04:00 bryan NetworkManager: <info>  Activation (eth0) Stage 2 of 5 (Device Configure) scheduled...
2010-06-24T16:40:36.233174-04:00 bryan NetworkManager: <info>  Activation (eth0) Stage 1 of 5 (Device Prepare) complete.
2010-06-24T16:40:36.233303-04:00 bryan NetworkManager: <info>  Activation (eth0) Stage 2 of 5 (Device Configure) starting...
2010-06-24T16:40:36.233435-04:00 bryan NetworkManager: <info>  (eth0): device state change: 4 -> 5 (reason 0)
2010-06-24T16:40:36.234017-04:00 bryan NetworkManager: <info>  Activation (eth0) Stage 2 of 5 (Device Configure) successful.
2010-06-24T16:40:36.234162-04:00 bryan NetworkManager: <info>  Activation (eth0) Stage 3 of 5 (IP Configure Start) scheduled.
2010-06-24T16:40:36.234291-04:00 bryan NetworkManager: <info>  Activation (eth0) Stage 2 of 5 (Device Configure) complete.
2010-06-24T16:40:36.234498-04:00 bryan NetworkManager: <info>  Activation (eth0) Stage 3 of 5 (IP Configure Start) started...
2010-06-24T16:40:36.234769-04:00 bryan NetworkManager: <info>  (eth0): device state change: 5 -> 7 (reason 0)
2010-06-24T16:40:36.235194-04:00 bryan NetworkManager: <info>  Activation (eth0) Beginning DHCP transaction (timeout in 45 seconds)
2010-06-24T16:40:36.842339-04:00 bryan NetworkManager: <info>  dhclient started with pid 673
2010-06-24T16:40:36.842658-04:00 bryan NetworkManager: <info>  Activation (eth0) Stage 4 of 5 (IP6 Configure Get) scheduled...
2010-06-24T16:40:36.843221-04:00 bryan NetworkManager: <info>  Activation (eth0) Stage 3 of 5 (IP Configure Start) complete.
2010-06-24T16:40:36.843241-04:00 bryan NetworkManager: <info>  Activation (eth0) Stage 4 of 5 (IP6 Configure Get) started...
2010-06-24T16:40:36.843275-04:00 bryan NetworkManager: <info>  Activation (eth0) Stage 4 of 5 (IP6 Configure Get) complete.
2010-06-24T16:40:36.930074-04:00 bryan dhclient: Internet Systems Consortium DHCP Client V3.1.3
2010-06-24T16:40:36.930218-04:00 bryan dhclient: Copyright 2004-2009 Internet Systems Consortium.
2010-06-24T16:40:36.930322-04:00 bryan dhclient: All rights reserved.
2010-06-24T16:40:36.930422-04:00 bryan dhclient: For info, please visit https://www.isc.org/software/dhcp/
2010-06-24T16:40:36.930531-04:00 bryan dhclient: 
2010-06-24T16:40:37.159695-04:00 bryan dhclient: Listening on LPF/eth0/54:52:00:73:36:db
2010-06-24T16:40:37.159804-04:00 bryan dhclient: Sending on   LPF/eth0/54:52:00:73:36:db
2010-06-24T16:40:37.159874-04:00 bryan dhclient: Sending on   Socket/fallback
2010-06-24T16:40:37.160294-04:00 bryan NetworkManager: <info>  DHCP: device eth0 state changed (null) -> preinit
2010-06-24T16:40:37.860102-04:00 bryan cron[755]: (CRON) INFO (pidfile fd = 3)
2010-06-24T16:40:37.861812-04:00 bryan acpid: starting up with proc fs
2010-06-24T16:40:37.889007-04:00 bryan anacron[775]: Anacron 2.3 started on 2010-06-24
2010-06-24T16:40:37.901343-04:00 bryan cron[776]: (CRON) STARTUP (fork ok)
2010-06-24T16:40:37.904744-04:00 bryan init: apport pre-start process (750) terminated with status 1
2010-06-24T16:40:37.907488-04:00 bryan init: apport post-stop process (778) terminated with status 1
2010-06-24T16:40:37.996122-04:00 bryan anacron[775]: Will run job `cron.weekly' in 10 min.
2010-06-24T16:40:37.996138-04:00 bryan anacron[775]: Will run job `cron.monthly' in 15 min.
2010-06-24T16:40:37.996149-04:00 bryan anacron[775]: Jobs will be executed sequentially
2010-06-24T16:40:38.030941-04:00 bryan avahi-daemon[612]: Registering new address record for fe80::5652:ff:fe73:36db on eth0.*.
2010-06-24T16:40:38.264626-04:00 bryan cron[776]: (CRON) INFO (Running @reboot jobs)
2010-06-24T16:40:38.994748-04:00 bryan kernel: [   14.658424] ppdev: user-space parallel port driver
2010-06-24T16:40:39.505538-04:00 bryan gdm-binary[603]: WARNING: Unable to find users: no seat-id found
2010-06-24T16:40:39.635436-04:00 bryan acpid: 36 rules loaded
2010-06-24T16:40:39.635715-04:00 bryan acpid: waiting for events: event logging is off
2010-06-24T16:40:40.669980-04:00 bryan gdm-simple-slave[754]: WARNING: Unable to load file '/etc/gdm/custom.conf': No such file or directory
