2:	[ 0.000000] ACPI: Local APIC address 0xfee00000
2:	imklog 4.2.0, log source = /proc/kmsg started.
2:	Could no open output file '/dev/xconsole' [try http://www.rsyslog.com/e/2039 ]
2:	rsyslogd's groupid changed to 103
2:	rsyslogd's userid changed to 101
1:	2010-06-24T16:40:36.930531-04:00 bryan dhclient:
1:	<WARN> default_adapter_cb(): bluez error getting default adapter: The name org.bluez was not provided by any .service files
1:	<info> (eth0): bringing up device.
1:	<info> (eth0): carrier is OFF
1:	<info> (eth0): carrier now ON (device state 2)
1:	<info> (eth0): deactivating device (reason: 2).
1:	<info> (eth0): device state change: 1 -> 2 (reason 2)
1:	<info> (eth0): device state change: 2 -> 3 (reason 40)
1:	<info> (eth0): device state change: 3 -> 4 (reason 0)
1:	<info> (eth0): device state change: 4 -> 5 (reason 0)
1:	<info> (eth0): device state change: 5 -> 7 (reason 0)
1:	<info> (eth0): exported as /org/freedesktop/NetworkManager/Devices/0
1:	<info> (eth0): new Ethernet device (driver: 'virtio_net')
1:	<info> (eth0): now managed
1:	<info> (eth0): preparing device.
1:	<info> Activation (eth0) Beginning DHCP transaction (timeout in 45 seconds)
1:	<info> Activation (eth0) Stage 1 of 5 (Device Prepare) complete.
1:	<info> Activation (eth0) Stage 1 of 5 (Device Prepare) scheduled...
1:	<info> Activation (eth0) Stage 1 of 5 (Device Prepare) started...
1:	<info> Activation (eth0) Stage 2 of 5 (Device Configure) complete.
1:	<info> Activation (eth0) Stage 2 of 5 (Device Configure) scheduled...
1:	<info> Activation (eth0) Stage 2 of 5 (Device Configure) starting...
1:	<info> Activation (eth0) Stage 2 of 5 (Device Configure) successful.
1:	<info> Activation (eth0) Stage 3 of 5 (IP Configure Start) complete.
1:	<info> Activation (eth0) Stage 3 of 5 (IP Configure Start) scheduled.
1:	<info> Activation (eth0) Stage 3 of 5 (IP Configure Start) started...
1:	<info> Activation (eth0) Stage 4 of 5 (IP6 Configure Get) complete.
1:	<info> Activation (eth0) Stage 4 of 5 (IP6 Configure Get) scheduled...
1:	<info> Activation (eth0) Stage 4 of 5 (IP6 Configure Get) started...
1:	<info> Activation (eth0) starting connection 'Auto eth0'
1:	<info> DHCP: device eth0 state changed (null) -> preinit
1:	<info> Trying to start the modem-manager...
1:	<info> Trying to start the supplicant...
1:	<info> WWAN enabled by radio killswitch; enabled by state file
1:	<info> WiFi enabled by radio killswitch; enabled by state file
1:	<info> dhclient started with pid 673
1:	<info> modem-manager is now available
1:	<info> starting...
1:	Added default wired connection 'Auto eth0' for /sys/devices/virtio-pci/virtio0/net/eth0
1:	Ifupdown: get unmanaged devices count: 0
1:	Loaded plugin ifupdown: (C) 2008 Canonical Ltd. To report bugs please use the NetworkManager mailing list.
1:	Loaded plugin keyfile: (c) 2007 - 2008 Red Hat, Inc. To report bugs please use the NetworkManager mailing list.
1:	SCPlugin-Ifupdown: (146063600) ... get_connections (managed=false): return empty list.
1:	SCPlugin-Ifupdown: (146063600) ... get_connections.
1:	SCPlugin-Ifupdown: device added (path: /sys/devices/virtio-pci/virtio0/net/eth0, iface: eth0): no ifupdown configuration found.
1:	SCPlugin-Ifupdown: device added (path: /sys/devices/virtual/net/lo, iface: lo): no ifupdown configuration found.
1:	SCPlugin-Ifupdown: devices added (path: /sys/devices/virtio-pci/virtio0/net/eth0, iface: eth0)
1:	SCPlugin-Ifupdown: devices added (path: /sys/devices/virtual/net/lo, iface: lo)
1:	SCPlugin-Ifupdown: end _init.
1:	SCPlugin-Ifupdown: init!
1:	SCPlugin-Ifupdown: update_system_hostname
1:	SCPluginIfupdown: management mode: unmanaged
1:	36 rules loaded
1:	starting up with proc fs
1:	waiting for events: event logging is off
1:	Anacron 2.3 started on 2010-06-24
1:	Jobs will be executed sequentially
1:	Will run job `cron.monthly' in 15 min.
1:	Will run job `cron.weekly' in 10 min.
1:	Found user 'avahi' (UID 104) and group 'avahi' (GID 111).
1:	Network interface enumeration completed.
1:	No service file found in /etc/avahi/services.
1:	Registering HINFO record with values 'I686'/'LINUX'.
1:	Registering new address record for fe80::5652:ff:fe73:36db on eth0.*.
1:	Server startup complete. Host name is bryan.local. Local service cookie is 3917982372.
1:	Successfully called chroot().
1:	Successfully dropped remaining capabilities.
1:	Successfully dropped root privileges.
1:	avahi-daemon 0.6.25 starting up.
1:	(CRON) INFO (pidfile fd = 3)
1:	(CRON) INFO (Running @reboot jobs)
1:	(CRON) STARTUP (fork ok)
1:	All rights reserved.
1:	Copyright 2004-2009 Internet Systems Consortium.
1:	For info, please visit https://www.isc.org/software/dhcp/
1:	Internet Systems Consortium DHCP Client V3.1.3
1:	Listening on LPF/eth0/54:52:00:73:36:db
1:	Sending on LPF/eth0/54:52:00:73:36:db
1:	Sending on Socket/fallback
1:	WARNING: Unable to find users: no seat-id found
1:	WARNING: Unable to load file '/etc/gdm/custom.conf': No such file or directory
1:	WARNING: Unable to load file '/etc/gdm/custom.conf': No such file or directory
1:	apport post-stop process (778) terminated with status 1
1:	apport pre-start process (750) terminated with status 1
1:	Kernel logging (proc) stopped.
1:	[ 0.000000] #0 [0000000000 - 0000001000] BIOS data page ==> [0000000000 - 0000001000]
1:	[ 0.000000] #1 [0000001000 - 0000002000] EX TRAMPOLINE ==> [0000001000 - 0000002000]
1:	[ 0.000000] #2 [0000006000 - 0000007000] TRAMPOLINE ==> [0000006000 - 0000007000]
1:	[ 0.000000] #3 [0000100000 - 00008d9e98] TEXT DATA BSS ==> [0000100000 - 00008d9e98]
1:	[ 0.000000] #4 [001789c000 - 001803305e] RAMDISK ==> [001789c000 - 001803305e]
1:	[ 0.000000] #5 [000009fc00 - 0000100000] BIOS reserved ==> [000009fc00 - 0000100000]
1:	[ 0.000000] #6 [00008da000 - 00008dd06d] BRK ==> [00008da000 - 00008dd06d]
1:	[ 0.000000] #7 [0000007000 - 0000008000] PGTABLE ==> [0000007000 - 0000008000]
1:	[ 0.000000] #8 [0000008000 - 000000c000] BOOTMAP ==> [0000008000 - 000000c000]
1:	[ 0.000000] (9 early reservations) ==> bootmem [0000000000 - 001fff0000]
1:	[ 0.000000] .data : 0xc0590613 - 0xc07a2e48 (2122 kB)
1:	[ 0.000000] .init : 0xc07a3000 - 0xc0847000 ( 656 kB)
1:	[ 0.000000] .text : 0xc0100000 - 0xc0590613 (4673 kB)
1:	[ 0.000000] 0 base 00C0000000 mask FFFFFFFFE0000000 uncachable
1:	[ 0.000000] 00000-9FFFF write-back
1:	[ 0.000000] 0000000000 - 0000400000 page 4k
1:	[ 0.000000] 0000400000 - 001fc00000 page 2M
1:	[ 0.000000] 001fc00000 - 001fff0000 page 4k
1:	[ 0.000000] 0: 0x00000000 -> 0x00000002
1:	[ 0.000000] 0: 0x00000006 -> 0x0000009f
1:	[ 0.000000] 0: 0x00000100 -> 0x0001fff0
1:	[ 0.000000] 0MB HIGHMEM available.
1:	[ 0.000000] 1 disabled
1:	[ 0.000000] 16 Processors exceeds NR_CPUS limit of 8
1:	[ 0.000000] 2 disabled
1:	[ 0.000000] 3 disabled
1:	[ 0.000000] 4 disabled
1:	[ 0.000000] 5 disabled
1:	[ 0.000000] 511MB LOWMEM available.
1:	[ 0.000000] 6 disabled
1:	[ 0.000000] 7 disabled
1:	[ 0.000000] A0000-FFFFF uncachable
1:	[ 0.000000] ACPI: APIC 1fff2638 000E0 (v01 QEMU QEMUAPIC 00000001 QEMU 00000001)
1:	[ 0.000000] ACPI: DSDT 1fff0100 02531 (v01 BXPC BXDSDT 00000001 INTL 20090123)
1:	[ 0.000000] ACPI: FACP 1fff002c 00074 (v01 QEMU QEMUFACP 00000001 QEMU 00000001)
1:	[ 0.000000] ACPI: FACS 1fff00c0 00040
1:	[ 0.000000] ACPI: INT_SRC_OVR (bus 0 bus_irq 10 global_irq 10 high level)
1:	[ 0.000000] ACPI: INT_SRC_OVR (bus 0 bus_irq 11 global_irq 11 high level)
1:	[ 0.000000] ACPI: INT_SRC_OVR (bus 0 bus_irq 5 global_irq 5 high level)
1:	[ 0.000000] ACPI: INT_SRC_OVR (bus 0 bus_irq 9 global_irq 9 high level)
1:	[ 0.000000] ACPI: IOAPIC (id[0x01] address[0xfec00000] gsi_base[0])
1:	[ 0.000000] ACPI: IRQ10 used by override.
1:	[ 0.000000] ACPI: IRQ11 used by override.
1:	[ 0.000000] ACPI: IRQ5 used by override.
1:	[ 0.000000] ACPI: IRQ9 used by override.
1:	[ 0.000000] ACPI: LAPIC (acpi_id[0x00] lapic_id[0x00] enabled)
1:	[ 0.000000] ACPI: LAPIC (acpi_id[0x01] lapic_id[0x01] disabled)
1:	[ 0.000000] ACPI: LAPIC (acpi_id[0x02] lapic_id[0x02] disabled)
1:	[ 0.000000] ACPI: LAPIC (acpi_id[0x03] lapic_id[0x03] disabled)
1:	[ 0.000000] ACPI: LAPIC (acpi_id[0x04] lapic_id[0x04] disabled)
1:	[ 0.000000] ACPI: LAPIC (acpi_id[0x05] lapic_id[0x05] disabled)
1:	[ 0.000000] ACPI: LAPIC (acpi_id[0x06] lapic_id[0x06] disabled)
1:	[ 0.000000] ACPI: LAPIC (acpi_id[0x07] lapic_id[0x07] disabled)
1:	[ 0.000000] ACPI: LAPIC (acpi_id[0x08] lapic_id[0x08] disabled)
1:	[ 0.000000] ACPI: LAPIC (acpi_id[0x09] lapic_id[0x09] disabled)
1:	[ 0.000000] ACPI: LAPIC (acpi_id[0x0a] lapic_id[0x0a] disabled)
1:	[ 0.000000] ACPI: LAPIC (acpi_id[0x0b] lapic_id[0x0b] disabled)
1:	[ 0.000000] ACPI: LAPIC (acpi_id[0x0c] lapic_id[0x0c] disabled)
1:	[ 0.000000] ACPI: LAPIC (acpi_id[0x0d] lapic_id[0x0d] disabled)
1:	[ 0.000000] ACPI: LAPIC (acpi_id[0x0e] lapic_id[0x0e] disabled)
1:	[ 0.000000] ACPI: LAPIC (acpi_id[0x0f] lapic_id[0x0f] disabled)
1:	[ 0.000000] ACPI: PM-Timer IO Port: 0xb008
1:	[ 0.000000] ACPI: RSDP 000fbed0 00014 (v00 QEMU )
1:	[ 0.000000] ACPI: RSDT 1fff0000 0002C (v01 QEMU QEMURSDT 00000001 QEMU 00000001)
1:	[ 0.000000] AMD AuthenticAMD
1:	[ 0.000000] Allocating PCI resources starting at 20000000 (gap: 20000000:a0000000)
1:	[ 0.000000] BIOS-e820: 0000000000000000 - 000000000009f000 (usable)
1:	[ 0.000000] BIOS-e820: 000000000009f000 - 00000000000a0000 (reserved)
1:	[ 0.000000] BIOS-e820: 00000000000e8000 - 0000000000100000 (reserved)
1:	[ 0.000000] BIOS-e820: 0000000000100000 - 000000001fff0000 (usable)
1:	[ 0.000000] BIOS-e820: 000000001fff0000 - 0000000020000000 (ACPI data)
1:	[ 0.000000] BIOS-e820: 00000000c0000000 - 00000000c1000000 (reserved)
1:	[ 0.000000] BIOS-e820: 00000000fffbc000 - 0000000100000000 (reserved)
1:	[ 0.000000] BIOS-provided physical RAM map:
1:	[ 0.000000] Booting paravirtualized kernel on KVM
1:	[ 0.000000] Built 1 zonelists in Zone order, mobility grouping on. Total pages: 129931
1:	[ 0.000000] Centaur CentaurHauls
1:	[ 0.000000] Checking if this processor honours the WP bit even in supervisor mode...Ok.
1:	[ 0.000000] Console: colour VGA+ 80x25
1:	[ 0.000000] Cyrix CyrixInstead
1:	[ 0.000000] DMA 0x00000000 -> 0x00001000
1:	[ 0.000000] DMA zone: 0 pages reserved
1:	[ 0.000000] DMA zone: 32 pages used for memmap
1:	[ 0.000000] DMA zone: 3963 pages, LIFO batch:0
1:	[ 0.000000] DMI 2.4 present.
1:	[ 0.000000] Dentry cache hash table entries: 65536 (order: 6, 262144 bytes)
1:	[ 0.000000] Detected 2666.842 MHz processor.
1:	[ 0.000000] Enabling fast FPU save and restore... done.
1:	[ 0.000000] Enabling unmasked SIMD FPU exception support... done.
1:	[ 0.000000] Hierarchical RCU implementation.
1:	[ 0.000000] HighMem 0x0001fff0 -> 0x0001fff0
1:	[ 0.000000] IOAPIC[0]: apic_id 1, version 17, address 0xfec00000, GSI 0-23
1:	[ 0.000000] Initializing CPU#0
1:	[ 0.000000] Initializing HighMem for node 0 (00000000:00000000)
1:	[ 0.000000] Initializing cgroup subsys cpu
1:	[ 0.000000] Initializing cgroup subsys cpuset
1:	[ 0.000000] Inode-cache hash table entries: 32768 (order: 5, 131072 bytes)
1:	[ 0.000000] Intel GenuineIntel
1:	[ 0.000000] KERNEL supported cpus:
1:	[ 0.000000] Kernel command line: BOOT_IMAGE=/boot/vmlinuz-2.6.32-21-generic root=UUID=91eacd13-466a-4b66-88d3-b565471ce8a8 ro quiet splash
1:	[ 0.000000] Linux version 2.6.32-21-generic (buildd@rothera) (gcc version 4.4.3 (Ubuntu 4.4.3-4ubuntu5) ) #32-Ubuntu SMP Fri Apr 16 08:10:02 UTC 2010 (Ubuntu 2.6.32-21.32-generic 2.6.32.11+drm33.2)
1:	[ 0.000000] MTRR default type: write-back
1:	[ 0.000000] MTRR fixed ranges enabled:
1:	[ 0.000000] MTRR variable ranges enabled:
1:	[ 0.000000] Memory: 499788k/524224k available (4673k kernel code, 23380k reserved, 2122k data, 656k init, 0k highmem)
1:	[ 0.000000] Movable zone start PFN for each node
1:	[ 0.000000] NR_CPUS:8 nr_cpumask_bits:8 nr_cpu_ids:8 nr_node_ids:1
1:	[ 0.000000] NR_IRQS:2304 nr_irqs:472
1:	[ 0.000000] NSC Geode by NSC
1:	[ 0.000000] Normal 0x00001000 -> 0x0001fff0
1:	[ 0.000000] Normal zone: 125968 pages, LIFO batch:31
1:	[ 0.000000] Normal zone: 992 pages used for memmap
1:	[ 0.000000] On node 0 totalpages: 130955
1:	[ 0.000000] PAT not supported by CPU.
1:	[ 0.000000] PERCPU: Embedded 14 pages/cpu @c1800000 s36024 r0 d21320 u524288
1:	[ 0.000000] PID hash table entries: 2048 (order: 1, 8192 bytes)
1:	[ 0.000000] PM: Registered nosave memory: 0000000000002000 - 0000000000006000
1:	[ 0.000000] PM: Registered nosave memory: 000000000009f000 - 00000000000a0000
1:	[ 0.000000] PM: Registered nosave memory: 00000000000a0000 - 00000000000e8000
1:	[ 0.000000] PM: Registered nosave memory: 00000000000e8000 - 0000000000100000
1:	[ 0.000000] RAMDISK: 1789c000 - 1803305e
1:	[ 0.000000] SLUB: Genslabs=13, HWalign=64, Order=0-3, MinObjects=0, CPUs=8, Nodes=1
1:	[ 0.000000] SMP: Allowing 8 CPUs, 7 hotplug CPUs
1:	[ 0.000000] Scanning 1 areas for low memory corruption
1:	[ 0.000000] Transmeta GenuineTMx86
1:	[ 0.000000] Transmeta TransmetaCPU
1:	[ 0.000000] UMC UMC UMC UMC
1:	[ 0.000000] Using ACPI (MADT) for SMP configuration information
1:	[ 0.000000] Using APIC driver default
1:	[ 0.000000] Using x86 segment limits to approximate NX protection
1:	[ 0.000000] Zone PFN ranges:
1:	[ 0.000000] allocated 2621120 bytes of page_cgroup
1:	[ 0.000000] console [tty0] enabled
1:	[ 0.000000] e820 update range: 0000000000002000 - 0000000000006000 (usable) ==> (reserved)
1:	[ 0.000000] early_node_map[3] active PFN ranges
1:	[ 0.000000] fixmap : 0xfff1d000 - 0xfffff000 ( 904 kB)
1:	[ 0.000000] found SMP MP-table at [c00fbd80] fbd80
1:	[ 0.000000] free_area_init_node: node 0, pgdat c0798720, node_mem_map c1001000
1:	[ 0.000000] init_memory_mapping: 0000000000000000-000000001fff0000
1:	[ 0.000000] initial memory mapped : 0 - 00c00000
1:	[ 0.000000] kernel direct mapping tables up to 1fff0000 @ 7000-c000
1:	[ 0.000000] kvm-clock: cpu 0, msr 0:1808701, primary cpu clock
1:	[ 0.000000] kvm-clock: cpu 0, msr 0:846701, boot clock
1:	[ 0.000000] last_pfn = 0x1fff0 max_arch_pfn = 0x100000
1:	[ 0.000000] low ram: 0 - 1fff0000
1:	[ 0.000000] lowmem : 0xc0000000 - 0xdfff0000 ( 511 MB)
1:	[ 0.000000] mapped low ram: 0 - 1fff0000
1:	[ 0.000000] modified physical RAM map:
1:	[ 0.000000] modified: 0000000000000000 - 0000000000002000 (usable)
1:	[ 0.000000] modified: 0000000000002000 - 0000000000006000 (reserved)
1:	[ 0.000000] modified: 0000000000006000 - 000000000009f000 (usable)
1:	[ 0.000000] modified: 000000000009f000 - 00000000000a0000 (reserved)
1:	[ 0.000000] modified: 00000000000e8000 - 0000000000100000 (reserved)
1:	[ 0.000000] modified: 0000000000100000 - 000000001fff0000 (usable)
1:	[ 0.000000] modified: 000000001fff0000 - 0000000020000000 (ACPI data)
1:	[ 0.000000] modified: 00000000c0000000 - 00000000c1000000 (reserved)
1:	[ 0.000000] modified: 00000000fffbc000 - 0000000100000000 (reserved)
1:	[ 0.000000] node 0 bootmap 00008000 - 0000c000
1:	[ 0.000000] node 0 low ram: 00000000 - 1fff0000
1:	[ 0.000000] nr_irqs_gsi: 24
1:	[ 0.000000] pcpu-alloc: [0] 0 1 2 3 4 5 6 7
1:	[ 0.000000] pcpu-alloc: s36024 r0 d21320 u524288 alloc=1*4194304
1:	[ 0.000000] pkmap : 0xff800000 - 0xffc00000 (4096 kB)
1:	[ 0.000000] please try 'cgroup_disable=memory' option if you don't want memory cgroups
1:	[ 0.000000] virtual kernel memory layout:
1:	[ 0.000000] vmalloc : 0xe07f0000 - 0xff7fe000 ( 496 MB)
1:	[ 0.004000] , L1 D cache: 32K
1:	[ 0.004000] ... bit width: 32
1:	[ 0.004000] ... event mask: 0000000000000003
1:	[ 0.004000] ... fixed-purpose events: 0
1:	[ 0.004000] ... generic registers: 2
1:	[ 0.004000] ... max period: 000000007fffffff
1:	[ 0.004000] ... value mask: 00000000ffffffff
1:	[ 0.004000] ... version: 0
1:	[ 0.004000] AppArmor: AppArmor initialized
1:	[ 0.004000] Calibrating delay loop (skipped) preset value.. 5333.68 BogoMIPS (lpj=10667368)
1:	[ 0.004000] Initializing cgroup subsys cpuacct
1:	[ 0.004000] Initializing cgroup subsys devices
1:	[ 0.004000] Initializing cgroup subsys freezer
1:	[ 0.004000] Initializing cgroup subsys memory
1:	[ 0.004000] Initializing cgroup subsys net_cls
1:	[ 0.004000] Initializing cgroup subsys ns
1:	[ 0.004000] Mount-cache hash table entries: 512
1:	[ 0.004000] Performance Events: p6 PMU driver.
1:	[ 0.004000] SMP alternatives: switching to UP code
1:	[ 0.004000] Security Framework initialized
1:	[ 0.004000] mce: CPU supports 0 MCE banks
1:	[ 0.019568] ACPI: Core revision 20090903
1:	[ 0.020234] ftrace: converting mcount calls to 0f 1f 44 00 00
1:	[ 0.020239] ftrace: allocating 21771 entries in 43 pages
1:	[ 0.024131] Enabling APIC mode: Flat. Using 1 I/O APICs
1:	[ 0.025053] ..TIMER: vector=0x30 apic1=0 pin1=0 apic2=-1 pin2=-1
1:	[ 0.028003] CPU0: Intel QEMU Virtual CPU version 0.9.1 stepping 03
1:	[ 0.032001] ACPI: (supports S0 S3 S4 S5)
1:	[ 0.032001] ACPI: EC: Look up EC in DSDT
1:	[ 0.032001] ACPI: Interpreter enabled
1:	[ 0.032001] ACPI: Using IOAPIC for interrupt routing
1:	[ 0.032001] ACPI: bus type pci registered
1:	[ 0.032001] Brought up 1 CPUs
1:	[ 0.032001] CPU0 attaching NULL sched-domain.
1:	[ 0.032001] EISA bus registered
1:	[ 0.032001] NET: Registered protocol family 16
1:	[ 0.032001] PCI: PCI BIOS revision 2.10 entry at 0xfb560, last bus=0
1:	[ 0.032001] PCI: Using configuration type 1 for base access
1:	[ 0.032001] Time: 20:40:23 Date: 06/24/10
1:	[ 0.032001] Total of 1 processors activated (5333.68 BogoMIPS).
1:	[ 0.032001] bio: create slab <bio-0> at 0
1:	[ 0.032001] devtmpfs: initialized
1:	[ 0.032001] regulator: core version 0.5
1:	[ 0.034125] ACPI: No dock devices found.
1:	[ 0.034139] ACPI: PCI Root Bridge [PCI0] (0000:00)
1:	[ 0.034546] pci 0000:00:01.1: reg 20 io port: [0xc000-0xc00f]
1:	[ 0.034700] pci 0000:00:01.2: reg 20 io port: [0xc020-0xc03f]
1:	[ 0.034889] pci 0000:00:01.3: quirk: region b000-b03f claimed by PIIX4 ACPI
1:	[ 0.034894] pci 0000:00:01.3: quirk: region b100-b10f claimed by PIIX4 SMB
1:	[ 0.035316] pci 0000:00:02.0: reg 10 32bit mmio pref: [0xc2000000-0xc3ffffff]
1:	[ 0.035403] pci 0000:00:02.0: reg 14 32bit mmio: [0xc4000000-0xc4000fff]
1:	[ 0.035864] pci 0000:00:03.0: reg 10 io port: [0xc040-0xc05f]
1:	[ 0.036073] pci 0000:00:04.0: reg 10 io port: [0xc080-0xc0bf]
1:	[ 0.036231] pci 0000:00:05.0: reg 10 io port: [0xc0c0-0xc0df]
1:	[ 0.036437] pci_bus 0000:00: on NUMA node 0
1:	[ 0.036440] ACPI: PCI Interrupt Routing Table [\_SB_.PCI0._PRT]
1:	[ 0.038433] ACPI: PCI Interrupt Link [LNKA] (IRQs 5 *10 11)
1:	[ 0.038489] ACPI: PCI Interrupt Link [LNKB] (IRQs 5 *10 11)
1:	[ 0.038548] ACPI: PCI Interrupt Link [LNKC] (IRQs 5 10 *11)
1:	[ 0.038608] ACPI: PCI Interrupt Link [LNKD] (IRQs 5 10 *11)
1:	[ 0.038677] vgaarb: device added: PCI:0000:00:02.0,decodes=io+mem,owns=io+mem,locks=none
1:	[ 0.038679] vgaarb: loaded
1:	[ 0.038805] SCSI subsystem initialized
1:	[ 0.038853] libata version 3.00 loaded.
1:	[ 0.038904] usbcore: registered new interface driver usbfs
1:	[ 0.038912] usbcore: registered new interface driver hub
1:	[ 0.038931] usbcore: registered new device driver usb
1:	[ 0.039057] ACPI: WMI: Mapper loaded
1:	[ 0.039058] PCI: Using ACPI for IRQ routing
1:	[ 0.039201] NetLabel: Initializing
1:	[ 0.039204] NetLabel: domain hash size = 128
1:	[ 0.039205] NetLabel: protocols = UNLABELED CIPSOv4
1:	[ 0.039215] NetLabel: unlabeled traffic allowed by default
1:	[ 0.039238] Switching to clocksource kvm-clock
1:	[ 0.039993] ACPI: ACPI bus type pnp unregistered
1:	[ 0.039993] ACPI: bus type pnp registered
1:	[ 0.039993] AppArmor: AppArmor Filesystem Enabled
1:	[ 0.039993] PnPBIOS: Disabled
1:	[ 0.039993] pnp: PnP ACPI init
1:	[ 0.039993] pnp: PnP ACPI: found 6 devices
1:	[ 0.072708] pci_bus 0000:00: resource 0 io: [0x00-0xffff]
1:	[ 0.072710] pci_bus 0000:00: resource 1 mem: [0x000000-0xffffffff]
1:	[ 0.072763] NET: Registered protocol family 2
1:	[ 0.072833] IP route cache hash table entries: 4096 (order: 2, 16384 bytes)
1:	[ 0.073008] TCP established hash table entries: 16384 (order: 5, 131072 bytes)
1:	[ 0.073077] TCP bind hash table entries: 16384 (order: 5, 131072 bytes)
1:	[ 0.073144] TCP: Hash tables configured (established 16384 bind 16384)
1:	[ 0.073146] TCP reno registered
1:	[ 0.073221] NET: Registered protocol family 1
1:	[ 0.073232] pci 0000:00:00.0: Limiting direct PCI/PCI transfers
1:	[ 0.073243] pci 0000:00:01.0: Activating ISA DMA hang workarounds
1:	[ 0.073276] pci 0000:00:02.0: Boot video device
1:	[ 0.073348] cpufreq-nforce2: No nForce2 chipset.
1:	[ 0.073368] Scanning for low memory corruption every 60 seconds
1:	[ 0.073438] audit: initializing netlink socket (disabled)
1:	[ 0.073443] type=2000 audit(1277408425.072:1): initialized
1:	[ 0.080851] Trying to unpack rootfs image as initramfs...
1:	[ 0.088935] HugeTLB registered 4 MB page size, pre-allocated 0 pages
1:	[ 0.093680] VFS: Disk quotas dquot_6.5.2
1:	[ 0.093733] Dquot-cache hash table entries: 1024 (order 0, 4096 bytes)
1:	[ 0.094133] fuse init (API version 7.13)
1:	[ 0.094183] msgmni has been set to 977
1:	[ 0.100915] alg: No test for stdrng (krng)
1:	[ 0.100953] Block layer SCSI generic (bsg) driver version 0.4 loaded (major 253)
1:	[ 0.100955] io scheduler noop registered
1:	[ 0.100956] io scheduler anticipatory registered
1:	[ 0.100957] io scheduler deadline registered
1:	[ 0.100980] io scheduler cfq registered (default)
1:	[ 0.101026] pci_hotplug: PCI Hot Plug PCI Core version: 0.5
1:	[ 0.101042] pciehp: PCI Express Hot Plug Controller Driver version: 0.4
1:	[ 0.101096] input: Power Button as /devices/LNXSYSTM:00/LNXPWRBN:00/input/input0
1:	[ 0.101099] ACPI: Power Button [PWRF]
1:	[ 0.101415] processor LNXCPU:00: registered as cooling_device0
1:	[ 0.102826] Serial: 8250/16550 driver, 4 ports, IRQ sharing enabled
1:	[ 0.102987] serial8250: ttyS0 at I/O 0x3f8 (irq = 4) is a 16550A
1:	[ 0.103258] 00:05: ttyS0 at I/O 0x3f8 (irq = 4) is a 16550A
1:	[ 0.103989] brd: module loaded
1:	[ 0.104285] loop: module loaded
1:	[ 0.104351] input: Macintosh mouse button emulation as /devices/virtual/input/input1
1:	[ 0.104402] ata_piix 0000:00:01.1: version 2.13
1:	[ 0.104587] scsi0 : ata_piix
1:	[ 0.104657] isapnp: Scanning for PnP cards...
1:	[ 0.110225] scsi1 : ata_piix
1:	[ 0.110274] ata1: PATA max MWDMA2 cmd 0x1f0 ctl 0x3f6 bmdma 0xc000 irq 14
1:	[ 0.110275] ata2: PATA max MWDMA2 cmd 0x170 ctl 0x376 bmdma 0xc008 irq 15
1:	[ 0.110463] Fixed MDIO Bus: probed
1:	[ 0.110484] PPP generic driver version 2.4.2
1:	[ 0.110516] tun: Universal TUN/TAP device driver, 1.6
1:	[ 0.110517] tun: (C) 1999-2004 Max Krasnyansky <maxk@qualcomm.com>
1:	[ 0.110564] ehci_hcd: USB 2.0 'Enhanced' Host Controller (EHCI) Driver
1:	[ 0.110575] ohci_hcd: USB 1.1 'Open' Host Controller (OHCI) Driver
1:	[ 0.110582] uhci_hcd: USB Universal Host Controller Interface driver
1:	[ 0.110680] ACPI: PCI Interrupt Link [LNKD] enabled at IRQ 11
1:	[ 0.110698] uhci_hcd 0000:00:01.2: PCI INT D -> Link[LNKD] -> GSI 11 (level, high) -> IRQ 11
1:	[ 0.110710] uhci_hcd 0000:00:01.2: UHCI Host Controller
1:	[ 0.110756] uhci_hcd 0000:00:01.2: new USB bus registered, assigned bus number 1
1:	[ 0.110827] uhci_hcd 0000:00:01.2: irq 11, io base 0x0000c020
1:	[ 0.110924] usb usb1: configuration #1 chosen from 1 choice
1:	[ 0.110942] hub 1-0:1.0: USB hub found
1:	[ 0.110949] hub 1-0:1.0: 2 ports detected
1:	[ 0.111013] PNP: PS/2 Controller [PNP0303:KBD,PNP0f13:MOU] at 0x60,0x64 irq 1,12
1:	[ 0.111468] serio: i8042 KBD port at 0x60,0x64 irq 1
1:	[ 0.111473] serio: i8042 AUX port at 0x60,0x64 irq 12
1:	[ 0.111563] mice: PS/2 mouse device common for all mice
1:	[ 0.111947] input: AT Translated Set 2 keyboard as /devices/platform/i8042/serio0/input/input2
1:	[ 0.112156] rtc_cmos 00:01: rtc core: registered rtc_cmos as rtc0
1:	[ 0.112207] rtc0: alarms up to one day, 114 bytes nvram
1:	[ 0.112272] device-mapper: uevent: version 1.0.3
1:	[ 0.112346] device-mapper: ioctl: 4.15.0-ioctl (2009-04-01) initialised: dm-devel@redhat.com
1:	[ 0.117014] device-mapper: multipath: version 1.1.0 loaded
1:	[ 0.117019] device-mapper: multipath round-robin: version 1.0.0 loaded
1:	[ 0.117100] EISA: Probing bus 0 at eisa.0
1:	[ 0.117143] EISA: Detected 0 cards.
1:	[ 0.164985] cpuidle: using governor ladder
1:	[ 0.164986] cpuidle: using governor menu
1:	[ 0.165247] TCP cubic registered
1:	[ 0.165346] NET: Registered protocol family 10
1:	[ 0.165672] lo: Disabled Privacy Extensions
1:	[ 0.165873] NET: Registered protocol family 17
1:	[ 0.165914] Using IPI No-Shortcut mode
1:	[ 0.165975] PM: Resume from disk failed.
1:	[ 0.165983] registered taskstats version 1
1:	[ 0.166119] Magic number: 14:59:701
1:	[ 0.166179] rtc_cmos 00:01: setting system clock to 2010-06-24 20:40:24 UTC (1277412024)
1:	[ 0.166182] BIOS EDD facility v0.16 2004-Jun-25, 0 devices found
1:	[ 0.166182] EDD information not available.
1:	[ 0.273133] ata2.01: NODEV after polling detection
1:	[ 0.273317] ata2.00: ATAPI: QEMU DVD-ROM, 0.9.1, max UDMA/100
1:	[ 0.273637] ata2.00: configured for MWDMA2
1:	[ 0.373836] Freeing initrd memory: 7772k freed
1:	[ 0.594530] isapnp: No Plug & Play device found
1:	[ 0.594843] scsi 1:0:0:0: CD-ROM QEMU QEMU DVD-ROM 0.9. PQ: 0 ANSI: 5
1:	[ 0.596075] sr0: scsi3-mmc drive: 4x/4x xa/form2 tray
1:	[ 0.596077] Uniform CD-ROM driver Revision: 3.20
1:	[ 0.596155] sr 1:0:0:0: Attached scsi CD-ROM sr0
1:	[ 0.596199] sr 1:0:0:0: Attached scsi generic sg0 type 5
1:	[ 0.596238] Freeing unused kernel memory: 656k freed
1:	[ 0.596462] Write protecting the kernel text: 4676k
1:	[ 0.596482] Write protecting the kernel read-only data: 1840k
1:	[ 0.607016] udev: starting version 151
1:	[ 0.706198] ACPI: PCI Interrupt Link [LNKC] enabled at IRQ 10
1:	[ 0.706219] virtio-pci 0000:00:03.0: PCI INT A -> Link[LNKC] -> GSI 10 (level, high) -> IRQ 10
1:	[ 0.707588] virtio-pci 0000:00:04.0: PCI INT A -> Link[LNKD] -> GSI 11 (level, high) -> IRQ 11
1:	[ 0.707837] ACPI: PCI Interrupt Link [LNKA] enabled at IRQ 10
1:	[ 0.707840] virtio-pci 0000:00:05.0: PCI INT A -> Link[LNKA] -> GSI 10 (level, high) -> IRQ 10
1:	[ 0.712797] vda: vda1 vda2 <
1:	[ 0.721033] FDC 0 is a S82078B
1:	[ 0.730876] vda5 >
1:	[ 1.314770] EXT4-fs (vda1): mounted filesystem with ordered data mode
1:	[ 14.658424] ppdev: user-space parallel port driver
1:	[ 2.588366] Adding 916472k swap on /dev/vda5. Priority:-1 extents:1 across:916472k
1:	[ 2.691138] udev: starting version 151
1:	[ 3.534454] type=1505 audit(1277412027.866:2): operation="profile_load" pid=486 name="/sbin/dhclient3"
1:	[ 3.535123] type=1505 audit(1277412027.866:3): operation="profile_load" pid=486 name="/usr/lib/NetworkManager/nm-dhcp-client.action"
1:	[ 3.535476] type=1505 audit(1277412027.866:4): operation="profile_load" pid=486 name="/usr/lib/connman/scripts/dhclient-script"
1:	[ 3.610983] piix4_smbus 0000:00:01.3: SMBus Host Controller at 0xb100, revision 0
1:	[ 3.797764] vga16fb: initializing
1:	[ 3.797769] vga16fb: mapped to 0xc00a0000
1:	[ 3.797915] fb0: VGA16 VGA frame buffer device
1:	[ 4.156968] lp: driver loaded but no devices found
1:	[ 4.819661] Console: switching to colour frame buffer device 80x30
1:	[ 5.079781] psmouse serio1: ID: 10 00 64
1:	[ 5.515454] input: ImExPS/2 Generic Explorer Mouse as /devices/platform/i8042/serio1/input/input3
1:	[ 8.456309] JBD: barrier-based sync failed on vda1-8 - disabling barriers
1:	[ 8.797593] type=1505 audit(1277412033.130:5): operation="profile_load" pid=625 name="/usr/share/gdm/guest-session/Xsession"
1:	[ 8.799333] type=1505 audit(1277412033.130:6): operation="profile_replace" pid=626 name="/sbin/dhclient3"
1:	[ 8.800013] type=1505 audit(1277412033.130:7): operation="profile_replace" pid=626 name="/usr/lib/NetworkManager/nm-dhcp-client.action"
1:	[ 8.800372] type=1505 audit(1277412033.130:8): operation="profile_replace" pid=626 name="/usr/lib/connman/scripts/dhclient-script"
1:	[ 8.895510] type=1505 audit(1277412033.227:9): operation="profile_load" pid=627 name="/usr/bin/evince"
1:	[ 8.904320] type=1505 audit(1277412033.234:10): operation="profile_load" pid=627 name="/usr/bin/evince-previewer"
1:	[ 8.910340] type=1505 audit(1277412033.242:11): operation="profile_load" pid=627 name="/usr/bin/evince-thumbnailer"
1:	[ 9.141575] type=1505 audit(1277412033.475:12): operation="profile_load" pid=632 name="/usr/lib/cups/backend/cups-pdf"
1:	[ 9.142403] type=1505 audit(1277412033.475:13): operation="profile_load" pid=632 name="/usr/sbin/cupsd"
1:	[ 9.206575] type=1505 audit(1277412033.540:14): operation="profile_load" pid=633 name="/usr/sbin/tcpdump"
1:	Loaded plugin AnyData
1:	Loaded plugin Ericsson MBM
1:	Loaded plugin Generic
1:	Loaded plugin Gobi
1:	Loaded plugin Huawei
1:	Loaded plugin Longcheer
1:	Loaded plugin MotoC
1:	Loaded plugin Nokia
1:	Loaded plugin Novatel
1:	Loaded plugin Option
1:	Loaded plugin Option High-Speed
1:	Loaded plugin Sierra
1:	Loaded plugin ZTE
1:	[origin software="rsyslogd" swVersion="4.2.0" x-pid="1908" x-info="http://www.rsyslog.com"] (re)start
1:	[origin software="rsyslogd" swVersion="4.2.0" x-pid="1908" x-info="http://www.rsyslog.com"] exiting on signal 15.
1:	[origin software="rsyslogd" swVersion="4.2.0" x-pid="589" x-info="http://www.rsyslog.com"] (re)start
